[    0.000000] Initializing cgroup subsys cpuset
[    0.000000] Initializing cgroup subsys cpu
[    0.000000] Initializing cgroup subsys cpuacct
[    0.000000] Linux version 4.4.0-66-generic (buildd@lgw01-28) (gcc version 5.4.0 20160609 (Ubuntu 5.4.0-6ubuntu1~16.04.4) ) #87-Ubuntu SMP Fri Mar 3 15:29:05 UTC 2017 (Ubuntu 4.4.0-66.87-generic 4.4.44)
[    0.000000] Command line: BOOT_IMAGE=/boot/vmlinuz-4.4.0-66-generic root=UUID=730d2981-a991-47cf-bafe-eb78708352bd ro console=tty1 console=ttyS0
[    0.000000] KERNEL supported cpus:
[    0.000000]   Intel GenuineIntel
[    0.000000]   AMD AuthenticAMD
[    0.000000]   Centaur CentaurHauls
[    0.000000] x86/fpu: xstate_offset[2]:  576, xstate_sizes[2]:  256
[    0.000000] x86/fpu: Supporting XSAVE feature 0x01: 'x87 floating point registers'
[    0.000000] x86/fpu: Supporting XSAVE feature 0x02: 'SSE registers'
[    0.000000] x86/fpu: Supporting XSAVE feature 0x04: 'AVX registers'
[    0.000000] x86/fpu: Enabled xstate features 0x7, context size is 832 bytes, using 'standard' format.
[    0.000000] x86/fpu: Using 'lazy' FPU context switches.
[    0.000000] e820: BIOS-provided physical RAM map:
[    0.000000] BIOS-e820: [mem 0x0000000000000000-0x000000000009fbff] usable
[    0.000000] BIOS-e820: [mem 0x000000000009fc00-0x000000000009ffff] reserved
[    0.000000] BIOS-e820: [mem 0x00000000000f0000-0x00000000000fffff] reserved
[    0.000000] BIOS-e820: [mem 0x0000000000100000-0x00000000dffeffff] usable
[    0.000000] BIOS-e820: [mem 0x00000000dfff0000-0x00000000dfffffff] ACPI data
[    0.000000] BIOS-e820: [mem 0x00000000fec00000-0x00000000fec00fff] reserved
[    0.000000] BIOS-e820: [mem 0x00000000fee00000-0x00000000fee00fff] reserved
[    0.000000] BIOS-e820: [mem 0x00000000fffc0000-0x00000000ffffffff] reserved
[    0.000000] BIOS-e820: [mem 0x0000000100000000-0x0000000293ffffff] usable
[    0.000000] NX (Execute Disable) protection: active
[    0.000000] SMBIOS 2.5 present.
[    0.000000] Hypervisor detected: KVM
[    0.000000] e820: last_pfn = 0x294000 max_arch_pfn = 0x400000000
[    0.000000] MTRR: Disabled
[    0.000000] x86/PAT: MTRRs disabled, skipping PAT initialization too.
[    0.000000] x86/PAT: Configuration [0-7]: WB  WT  UC- UC  WB  WT  UC- UC  
[    0.000000] CPU MTRRs all blank - virtualized system.
[    0.000000] e820: last_pfn = 0xdfff0 max_arch_pfn = 0x400000000
[    0.000000] found SMP MP-table at [mem 0x0009fff0-0x0009ffff] mapped at [ffff88000009fff0]
[    0.000000] Scanning 1 areas for low memory corruption
[    0.000000] RAMDISK: [mem 0x36236000-0x37112fff]
[    0.000000] ACPI: Early table checksum verification disabled
[    0.000000] ACPI: RSDP 0x00000000000E0000 000024 (v02 VBOX  )
[    0.000000] ACPI: XSDT 0x00000000DFFF0030 00003C (v01 VBOX   VBOXXSDT 00000001 ASL  00000061)
[    0.000000] ACPI: FACP 0x00000000DFFF00F0 0000F4 (v04 VBOX   VBOXFACP 00000001 ASL  00000061)
[    0.000000] ACPI: DSDT 0x00000000DFFF0470 00210F (v01 VBOX   VBOXBIOS 00000002 INTL 20100528)
[    0.000000] ACPI: FACS 0x00000000DFFF0200 000040
[    0.000000] ACPI: FACS 0x00000000DFFF0200 000040
[    0.000000] ACPI: APIC 0x00000000DFFF0240 00005C (v02 VBOX   VBOXAPIC 00000001 ASL  00000061)
[    0.000000] ACPI: SSDT 0x00000000DFFF02A0 0001CC (v01 VBOX   VBOXCPUT 00000002 INTL 20100528)
[    0.000000] No NUMA configuration found
[    0.000000] Faking a node at [mem 0x0000000000000000-0x0000000293ffffff]
[    0.000000] NODE_DATA(0) allocated [mem 0x293ff3000-0x293ff7fff]
[    0.000000] kvm-clock: Using msrs 4b564d01 and 4b564d00
[    0.000000] kvm-clock: cpu 0, msr 2:93feb001, primary cpu clock
[    0.000000] kvm-clock: using sched offset of 3359729141 cycles
[    0.000000] clocksource: kvm-clock: mask: 0xffffffffffffffff max_cycles: 0x1cd42e4dffb, max_idle_ns: 881590591483 ns
[    0.000000] Zone ranges:
[    0.000000]   DMA      [mem 0x0000000000001000-0x0000000000ffffff]
[    0.000000]   DMA32    [mem 0x0000000001000000-0x00000000ffffffff]
[    0.000000]   Normal   [mem 0x0000000100000000-0x0000000293ffffff]
[    0.000000]   Device   empty
[    0.000000] Movable zone start for each node
[    0.000000] Early memory node ranges
[    0.000000]   node   0: [mem 0x0000000000001000-0x000000000009efff]
[    0.000000]   node   0: [mem 0x0000000000100000-0x00000000dffeffff]
[    0.000000]   node   0: [mem 0x0000000100000000-0x0000000293ffffff]
[    0.000000] Initmem setup node 0 [mem 0x0000000000001000-0x0000000293ffffff]
[    0.000000] ACPI: PM-Timer IO Port: 0x4008
[    0.000000] IOAPIC[0]: apic_id 2, version 32, address 0xfec00000, GSI 0-23
[    0.000000] ACPI: INT_SRC_OVR (bus 0 bus_irq 0 global_irq 2 dfl dfl)
[    0.000000] ACPI: INT_SRC_OVR (bus 0 bus_irq 9 global_irq 9 high level)
[    0.000000] Using ACPI (MADT) for SMP configuration information
[    0.000000] smpboot: Allowing 2 CPUs, 0 hotplug CPUs
[    0.000000] PM: Registered nosave memory: [mem 0x00000000-0x00000fff]
[    0.000000] PM: Registered nosave memory: [mem 0x0009f000-0x0009ffff]
[    0.000000] PM: Registered nosave memory: [mem 0x000a0000-0x000effff]
[    0.000000] PM: Registered nosave memory: [mem 0x000f0000-0x000fffff]
[    0.000000] PM: Registered nosave memory: [mem 0xdfff0000-0xdfffffff]
[    0.000000] PM: Registered nosave memory: [mem 0xe0000000-0xfebfffff]
[    0.000000] PM: Registered nosave memory: [mem 0xfec00000-0xfec00fff]
[    0.000000] PM: Registered nosave memory: [mem 0xfec01000-0xfedfffff]
[    0.000000] PM: Registered nosave memory: [mem 0xfee00000-0xfee00fff]
[    0.000000] PM: Registered nosave memory: [mem 0xfee01000-0xfffbffff]
[    0.000000] PM: Registered nosave memory: [mem 0xfffc0000-0xffffffff]
[    0.000000] e820: [mem 0xe0000000-0xfebfffff] available for PCI devices
[    0.000000] Booting paravirtualized kernel on KVM
[    0.000000] clocksource: refined-jiffies: mask: 0xffffffff max_cycles: 0xffffffff, max_idle_ns: 7645519600211568 ns
[    0.000000] setup_percpu: NR_CPUS:512 nr_cpumask_bits:512 nr_cpu_ids:2 nr_node_ids:1
[    0.000000] PERCPU: Embedded 33 pages/cpu @ffff880293c00000 s98264 r8192 d28712 u1048576
[    0.000000] PV qspinlock hash table entries: 256 (order: 0, 4096 bytes)
[    0.000000] Built 1 zonelists in Node order, mobility grouping on.  Total pages: 2531961
[    0.000000] Policy zone: Normal
[    0.000000] Kernel command line: BOOT_IMAGE=/boot/vmlinuz-4.4.0-66-generic root=UUID=730d2981-a991-47cf-bafe-eb78708352bd ro console=tty1 console=ttyS0
[    0.000000] PID hash table entries: 4096 (order: 3, 32768 bytes)
[    0.000000] Memory: 10026444K/10288696K available (8452K kernel code, 1293K rwdata, 3980K rodata, 1488K init, 1316K bss, 262252K reserved, 0K cma-reserved)
[    0.000000] SLUB: HWalign=64, Order=0-3, MinObjects=0, CPUs=2, Nodes=1
[    0.000000] Hierarchical RCU implementation.
[    0.000000] 	Build-time adjustment of leaf fanout to 64.
[    0.000000] 	RCU restricting CPUs from NR_CPUS=512 to nr_cpu_ids=2.
[    0.000000] RCU: Adjusting geometry for rcu_fanout_leaf=64, nr_cpu_ids=2
[    0.000000] NR_IRQS:33024 nr_irqs:440 16
[    0.000000] Console: colour VGA+ 80x25
[    0.000000] console [tty1] enabled
[    0.000000] console [ttyS0] enabled
[    0.000000] tsc: Detected 3497.970 MHz processor
[    6.060588] Calibrating delay loop (skipped) preset value.. 6995.94 BogoMIPS (lpj=13991880)
[    6.084496] pid_max: default: 32768 minimum: 301
[    6.120674] ACPI: Core revision 20150930
[    6.122162] ACPI: 2 ACPI AML tables successfully acquired and loaded
[    6.208598] Security Framework initialized
[    6.329658] Yama: becoming mindful.
[    6.377366] AppArmor: AppArmor initialized
[    6.451572] Dentry cache hash table entries: 2097152 (order: 12, 16777216 bytes)
[    6.584840] Inode-cache hash table entries: 1048576 (order: 11, 8388608 bytes)
[    6.631300] Mount-cache hash table entries: 32768 (order: 6, 262144 bytes)
[    6.661580] Mountpoint-cache hash table entries: 32768 (order: 6, 262144 bytes)
[    6.825695] Initializing cgroup subsys io
[    6.891007] Initializing cgroup subsys memory
[    6.892868] Initializing cgroup subsys devices
[    6.894759] Initializing cgroup subsys freezer
[    6.898068] Initializing cgroup subsys net_cls
[    6.899993] Initializing cgroup subsys perf_event
[    6.908131] Initializing cgroup subsys net_prio
[    6.910037] Initializing cgroup subsys hugetlb
[    6.913913] Initializing cgroup subsys pids
[    6.923256] CPU: Physical Processor ID: 0
[    6.923963] CPU: Processor Core ID: 0
[    6.925353] mce: CPU supports 0 MCE banks
[    6.926077] Last level iTLB entries: 4KB 1024, 2MB 1024, 4MB 1024
[    6.932808] Last level dTLB entries: 4KB 1024, 2MB 1024, 4MB 1024, 1GB 4
[    6.935612] Freeing SMP alternatives memory: 32K (ffffffff820b9000 - ffffffff820c1000)
[    6.944380] ftrace: allocating 32123 entries in 126 pages
[    7.100400] smpboot: APIC(0) Converting physical 0 to logical package 0
[    7.166016] smpboot: Max logical packages: 1
[    7.188007] x2apic enabled
[    7.206844] Switched APIC routing to physical x2apic.
[    7.285127] ..TIMER: vector=0x30 apic1=0 pin1=2 apic2=-1 pin2=-1
[    7.486224] smpboot: CPU0: Intel(R) Core(TM) i7-5930K CPU @ 3.50GHz (family: 0x6, model: 0x3f, stepping: 0x2)
[    7.666670] Performance Events: unsupported p6 CPU model 63 no PMU driver, software events only.
[    7.750589] KVM setup paravirtual spinlock
[    7.891167] x86: Booting SMP configuration:
[    8.006771] .... node  #0, CPUs:      #1
[    8.091386] kvm-clock: cpu 1, msr 2:93feb041, secondary cpu clock
[    8.125485] mce: CPU supports 0 MCE banks
[    8.242381] x86: Booted up 1 node, 2 CPUs
[    8.305778] smpboot: Total of 2 processors activated (13991.88 BogoMIPS)
[    8.445961] devtmpfs: initialized
[    8.461191] evm: security.selinux
[    8.490072] evm: security.SMACK64
[    8.496881] evm: security.SMACK64EXEC
[    8.497620] evm: security.SMACK64TRANSMUTE
[    8.625251] evm: security.SMACK64MMAP
[    8.637292] evm: security.ima
[    8.705866] evm: security.capability
[    8.804959] clocksource: jiffies: mask: 0xffffffff max_cycles: 0xffffffff, max_idle_ns: 7645041785100000 ns
[    8.935445] pinctrl core: initialized pinctrl subsystem
[    8.950769] RTC time: 16:24:55, date: 03/11/17
[    9.051075] NET: Registered protocol family 16
[    9.154282] cpuidle: using governor ladder
[    9.302961] cpuidle: using governor menu
[    9.303582] PCCT header not found.
[    9.304190] ACPI: bus type PCI registered
[    9.423510] acpiphp: ACPI Hot Plug PCI Controller Driver version: 0.5
[    9.563652] PCI: Using configuration type 1 for base access
[    9.707155] ACPI: Added _OSI(Module Device)
[    9.764466] ACPI: Added _OSI(Processor Device)
[    9.838570] ACPI: Added _OSI(3.0 _SCP Extensions)
[    9.870906] ACPI: Added _OSI(Processor Aggregator Device)
[    9.888102] ACPI: Executed 1 blocks of module-level executable AML code
[    9.968133] ACPI: Interpreter enabled
[   10.074152] ACPI: (supports S0 S5)
[   10.150578] ACPI: Using IOAPIC for interrupt routing
[   10.309512] PCI: Using host bridge windows from ACPI; if necessary, use "pci=nocrs" and report a bug
[   10.609826] ACPI: PCI Root Bridge [PCI0] (domain 0000 [bus 00-ff])
[   10.718536] acpi PNP0A03:00: _OSC: OS supports [ASPM ClockPM Segments MSI]
[   10.794684] acpi PNP0A03:00: _OSC failed (AE_NOT_FOUND); disabling ASPM
[   10.926875] acpi PNP0A03:00: fail to add MMCONFIG information, can't access extended PCI configuration space under this bridge.
[   11.007535] PCI host bridge to bus 0000:00
[   11.008159] pci_bus 0000:00: root bus resource [io  0x0000-0x0cf7 window]
[   11.009057] pci_bus 0000:00: root bus resource [io  0x0d00-0xffff window]
[   11.011442] pci_bus 0000:00: root bus resource [mem 0x000a0000-0x000bffff window]
[   11.097425] pci_bus 0000:00: root bus resource [mem 0xe0000000-0xffdfffff window]
[   11.334680] pci_bus 0000:00: root bus resource [bus 00-ff]
[   11.519564] pci 0000:00:01.1: legacy IDE quirk: reg 0x10: [io  0x01f0-0x01f7]
[   11.747170] pci 0000:00:01.1: legacy IDE quirk: reg 0x14: [io  0x03f6]
[   11.959952] pci 0000:00:01.1: legacy IDE quirk: reg 0x18: [io  0x0170-0x0177]
[   12.014712] pci 0000:00:01.1: legacy IDE quirk: reg 0x1c: [io  0x0376]
[   12.192509] pci 0000:00:07.0: quirk: [io  0x4000-0x403f] claimed by PIIX4 ACPI
[   12.206456] pci 0000:00:07.0: quirk: [io  0x4100-0x410f] claimed by PIIX4 SMB
[   12.285719] ACPI: PCI Interrupt Link [LNKA] (IRQs 5 9 10 *11)
[   12.298092] ACPI: PCI Interrupt Link [LNKB] (IRQs 5 9 10 *11)
[   12.301369] ACPI: PCI Interrupt Link [LNKC] (IRQs 5 9 *10 11)
[   12.304705] ACPI: PCI Interrupt Link [LNKD] (IRQs 5 *9 10 11)
[   12.310024] ACPI: Enabled 2 GPEs in block 00 to 07
[   12.314582] vgaarb: setting as boot device: PCI:0000:00:02.0
[   12.331760] vgaarb: device added: PCI:0000:00:02.0,decodes=io+mem,owns=io+mem,locks=none
[   12.333136] vgaarb: loaded
[   12.333695] vgaarb: bridge control possible 0000:00:02.0
[   12.334767] SCSI subsystem initialized
[   12.335522] ACPI: bus type USB registered
[   12.362523] usbcore: registered new interface driver usbfs
[   12.402765] usbcore: registered new interface driver hub
[   12.436787] usbcore: registered new device driver usb
[   12.547037] PCI: Using ACPI for IRQ routing
[   12.665673] NetLabel: Initializing
[   12.667688] NetLabel:  domain hash size = 128
[   12.668315] NetLabel:  protocols = UNLABELED CIPSOv4
[   12.722341] NetLabel:  unlabeled traffic allowed by default
[   12.740790] amd_nb: Cannot enumerate AMD northbridges
[   12.755530] clocksource: Switched to clocksource kvm-clock
[   12.762037] AppArmor: AppArmor Filesystem Enabled
[   12.780931] pnp: PnP ACPI init
[   12.782003] pnp: PnP ACPI: found 3 devices
[   12.793495] clocksource: acpi_pm: mask: 0xffffff max_cycles: 0xffffff, max_idle_ns: 2085701024 ns
[   13.007717] NET: Registered protocol family 2
[   13.010003] TCP established hash table entries: 131072 (order: 8, 1048576 bytes)
[   13.059383] TCP bind hash table entries: 65536 (order: 8, 1048576 bytes)
[   13.181902] TCP: Hash tables configured (established 131072 bind 65536)
[   13.338452] UDP hash table entries: 8192 (order: 6, 262144 bytes)
[   13.536624] UDP-Lite hash table entries: 8192 (order: 6, 262144 bytes)
[   13.539264] NET: Registered protocol family 1
[   13.559589] pci 0000:00:00.0: Limiting direct PCI/PCI transfers
[   13.594232] pci 0000:00:01.0: Activating ISA DMA hang workarounds
[   13.741816] Trying to unpack rootfs image as initramfs...
[   14.090435] Freeing initrd memory: 15220K (ffff880036236000 - ffff880037113000)
[   14.195823] PCI-DMA: Using software bounce buffering for IO (SWIOTLB)
[   14.210253] software IO TLB [mem 0xdbff0000-0xdfff0000] (64MB) mapped at [ffff8800dbff0000-ffff8800dffeffff]
[   14.285041] RAPL PMU detected, API unit is 2^-32 Joules, 3 fixed counters 10737418240 ms ovfl timer
[   14.307098] hw unit of domain pp0-core 2^-0 Joules
[   14.309180] hw unit of domain package 2^-0 Joules
[   14.443218] hw unit of domain dram 2^-16 Joules
[   14.574480] platform rtc_cmos: registered platform RTC device (no PNP device found)
[   14.835610] Scanning for low memory corruption every 60 seconds
[   14.928774] futex hash table entries: 512 (order: 3, 32768 bytes)
[   14.945738] audit: initializing netlink subsys (disabled)
[   15.071783] audit: type=2000 audit(1489249495.336:1): initialized
[   15.168548] Initialise system trusted keyring
[   15.230140] HugeTLB registered 2 MB page size, pre-allocated 0 pages
[   15.322931] zbud: loaded
[   15.329432] VFS: Disk quotas dquot_6.6.0
[   15.353833] VFS: Dquot-cache hash table entries: 512 (order 0, 4096 bytes)
[   15.385129] squashfs: version 4.0 (2009/01/31) Phillip Lougher
[   15.575981] tsc: Refined TSC clocksource calibration: 3497.631 MHz
[   15.762279] clocksource: tsc: mask: 0xffffffffffffffff max_cycles: 0x326a92d9f85, max_idle_ns: 440795215149 ns
[   15.762826] fuse init (API version 7.23)
[   15.763056] Key type big_key registered
[   15.763082] Allocating IMA MOK and blacklist keyrings.
[   15.763453] Key type asymmetric registered
[   15.763456] Asymmetric key parser 'x509' registered
[   15.763513] Block layer SCSI generic (bsg) driver version 0.4 loaded (major 249)
[   15.763553] io scheduler noop registered
[   15.763557] io scheduler deadline registered (default)
[   15.763603] io scheduler cfq registered
[   15.763758] pci_hotplug: PCI Hot Plug PCI Core version: 0.5
[   15.763768] pciehp: PCI Express Hot Plug Controller Driver version: 0.4
[   15.764013] ACPI: AC Adapter [AC] (on-line)
[   15.764096] input: Power Button as /devices/LNXSYSTM:00/LNXPWRBN:00/input/input0
[   15.764099] ACPI: Power Button [PWRF]
[   15.764211] input: Sleep Button as /devices/LNXSYSTM:00/LNXSLPBN:00/input/input1
[   15.764213] ACPI: Sleep Button [SLPF]
[   15.764453] GHES: HEST is not enabled!
[   15.764596] Serial: 8250/16550 driver, 32 ports, IRQ sharing enabled
[   15.852610] 00:02: ttyS0 at I/O 0x3f8 (irq = 4, base_baud = 115200) is a 16550A
[   15.957786] Linux agpgart interface v0.103
[   16.009480] brd: module loaded
[   16.010076] loop: module loaded
[   16.010464] scsi host0: ata_piix
[   16.010504] scsi host1: ata_piix
[   16.010526] ata1: PATA max UDMA/33 cmd 0x1f0 ctl 0x3f6 bmdma 0xd000 irq 14
[   16.010527] ata2: PATA max UDMA/33 cmd 0x170 ctl 0x376 bmdma 0xd008 irq 15
[   16.010581] libphy: Fixed MDIO Bus: probed
[   16.010583] tun: Universal TUN/TAP device driver, 1.6
[   16.010583] tun: (C) 1999-2004 Max Krasnyansky <maxk@qualcomm.com>
[   16.010824] PPP generic driver version 2.4.2
[   16.010866] ehci_hcd: USB 2.0 'Enhanced' Host Controller (EHCI) Driver
[   16.010869] ehci-pci: EHCI PCI platform driver
[   16.010875] ehci-platform: EHCI generic platform driver
[   16.010881] ohci_hcd: USB 1.1 'Open' Host Controller (OHCI) Driver
[   16.010883] ohci-pci: OHCI PCI platform driver
[   16.010889] ohci-platform: OHCI generic platform driver
[   16.010894] uhci_hcd: USB Universal Host Controller Interface driver
[   16.010934] i8042: PNP: PS/2 Controller [PNP0303:PS2K,PNP0f03:PS2M] at 0x60,0x64 irq 1,12
[   16.057804] serio: i8042 KBD port at 0x60,0x64 irq 1
[   16.057808] serio: i8042 AUX port at 0x60,0x64 irq 12
[   16.057861] mousedev: PS/2 mouse device common for all mice
[   16.058081] rtc_cmos rtc_cmos: rtc core: registered rtc_cmos as rtc0
[   16.058126] rtc_cmos rtc_cmos: alarms up to one day, 114 bytes nvram
[   16.058132] i2c /dev entries driver
[   16.058170] device-mapper: uevent: version 1.0.3
[   16.058210] device-mapper: ioctl: 4.34.0-ioctl (2015-10-28) initialised: dm-devel@redhat.com
[   16.058227] ledtrig-cpu: registered to indicate activity on CPUs
[   16.058464] NET: Registered protocol family 10
[   16.058567] NET: Registered protocol family 17
[   16.058576] Key type dns_resolver registered
[   16.149267] microcode: CPU0 sig=0x306f2, pf=0x40, revision=0x0
[   16.149318] microcode: CPU1 sig=0x306f2, pf=0x40, revision=0x0
[   16.149368] microcode: Microcode Update Driver: v2.01 <tigran@aivazian.fsnet.co.uk>, Peter Oruba
[   16.149477] registered taskstats version 1
[   16.149490] Loading compiled-in X.509 certificates
[   16.150028] Loaded X.509 cert 'Build time autogenerated kernel key: 32ca4feee90b5cde51f5f8c0e024b22f8c679982'
[   16.150043] zswap: loaded using pool lzo/zbud
[   16.152101] Key type trusted registered
[   16.154163] Key type encrypted registered
[   16.154167] AppArmor: AppArmor sha1 policy hashing enabled
[   16.154169] ima: No TPM chip found, activating TPM-bypass!
[   16.154186] evm: HMAC attrs: 0x1
[   16.154411]   Magic number: 9:877:438
[   16.163828] rtc_cmos rtc_cmos: setting system clock to 2017-03-11 16:25:02 UTC (1489249502)
[   16.164010] BIOS EDD facility v0.16 2004-Jun-25, 0 devices found
[   16.164010] EDD information not available.
[   16.489912] input: AT Translated Set 2 keyboard as /devices/platform/i8042/serio0/input/input2
[   20.926213] Freeing unused kernel memory: 1488K (ffffffff81f45000 - ffffffff820b9000)
[   20.941033] Write protecting the kernel read-only data: 14336k
[   20.944520] Freeing unused kernel memory: 1776K (ffff880001844000 - ffff880001a00000)
[   21.026378] Freeing unused kernel memory: 116K (ffff880001de3000 - ffff880001e00000)
Loading, please wait...
starting version 229
[   21.057063] random: systemd-udevd: uninitialized urandom read (16 bytes read, 3 bits of entropy available)
[   21.058663] random: udevadm: uninitialized urandom read (16 bytes read, 3 bits of entropy available)
[   21.058732] random: udevadm: uninitialized urandom read (16 bytes read, 3 bits of entropy available)
[   21.058958] random: udevadm: uninitialized urandom read (16 bytes read, 3 bits of entropy available)
[   21.059077] random: udevadm: uninitialized urandom read (16 bytes read, 3 bits of entropy available)
[   21.059160] random: udevadm: uninitialized urandom read (16 bytes read, 3 bits of entropy available)
[   21.059239] random: udevadm: uninitialized urandom read (16 bytes read, 3 bits of entropy available)
[   21.059321] random: udevadm: uninitialized urandom read (16 bytes read, 3 bits of entropy available)
[   21.059406] random: udevadm: uninitialized urandom read (16 bytes read, 3 bits of entropy available)
[   21.059482] random: udevadm: uninitialized urandom read (16 bytes read, 3 bits of entropy available)
[   21.959863] e1000: Intel(R) PRO/1000 Network Driver - version 7.3.21-k8-NAPI
[   22.148600] e1000: Copyright (c) 1999-2006 Intel Corporation.
[   22.276212] Fusion MPT base driver 3.04.20
[   22.422462] Copyright (c) 1999-2008 LSI Corporation
[   22.568729] AVX version of gcm_enc/dec engaged.
[   22.690712] AES CTR mode by8 optimization enabled
[   22.823789] input: ImExPS/2 Generic Explorer Mouse as /devices/platform/i8042/serio1/input/input5
[   23.013184] Fusion MPT SPI Host driver 3.04.20
[   23.055331] e1000 0000:00:03.0 eth0: (PCI:33MHz:32-bit) 02:a5:4d:55:cc:47
[   23.069657] e1000 0000:00:03.0 eth0: Intel(R) PRO/1000 Network Connection
[   23.434852] e1000 0000:00:08.0 eth1: (PCI:33MHz:32-bit) 08:00:27:a8:70:03
[   23.515710] e1000 0000:00:08.0 eth1: Intel(R) PRO/1000 Network Connection
[   23.666238] e1000 0000:00:08.0 enp0s8: renamed from eth1
[   23.666552] mptbase: ioc0: Initiating bringup
[   23.980184] e1000 0000:00:03.0 enp0s3: renamed from eth0
[   24.020086] ioc0: LSI53C1030 A0: Capabilities={Initiator}
[   24.290076] scsi host2: ioc0: LSI53C1030 A0, FwRev=00000000h, Ports=1, MaxQ=256, IRQ=20
[   24.416210] scsi 2:0:0:0: Direct-Access     VBOX     HARDDISK         1.0  PQ: 0 ANSI: 5
[   24.484172] scsi target2:0:0: Beginning Domain Validation
[   24.668701] scsi target2:0:0: Domain Validation skipping write tests
[   24.813937] scsi target2:0:0: Ending Domain Validation
[   24.816407] scsi target2:0:0: asynchronous
[   24.960873] scsi 2:0:1:0: Direct-Access     VBOX     HARDDISK         1.0  PQ: 0 ANSI: 5
[   25.142411] scsi target2:0:1: Beginning Domain Validation
[   25.171419] floppy0: no floppy controllers found
[   25.237128] scsi target2:0:1: Domain Validation skipping write tests
[   25.305355] scsi target2:0:1: Ending Domain Validation
[   25.349462] scsi target2:0:1: asynchronous
[   25.393691] sd 2:0:0:0: Attached scsi generic sg0 type 0
[   25.393715] sd 2:0:0:0: [sda] 20971520 512-byte logical blocks: (10.7 GB/10.0 GiB)
[   25.393878] sd 2:0:0:0: [sda] Write Protect is off
[   25.393955] sd 2:0:0:0: [sda] Incomplete mode parameter data
[   25.393955] sd 2:0:0:0: [sda] Assuming drive cache: write through
[   25.476703]  sda: sda1
[   25.477555] sd 2:0:0:0: [sda] Attached SCSI disk
[   25.866275] sd 2:0:1:0: [sdb] 20480 512-byte logical blocks: (10.5 MB/10.0 MiB)
[   25.924173] sd 2:0:1:0: Attached scsi generic sg1 type 0
[   26.010259] sd 2:0:1:0: [sdb] Write Protect is off
[   26.015174] sd 2:0:1:0: [sdb] Incomplete mode parameter data
[   26.017472] sd 2:0:1:0: [sdb] Assuming drive cache: write through
[   26.047370] sd 2:0:1:0: [sdb] Attached SCSI disk
Begin: Loading e[   27.562877] md: linear personality registered for level -1
ssential drivers ... [   27.575269] md: multipath personality registered for level -4
[   27.738034] md: raid0 personality registered for level 0
[   27.763901] md: raid1 personality registered for level 1
[   27.899743] raid6: sse2x1   gen()  7760 MB/s
[   27.991546] raid6: sse2x1   xor()  4557 MB/s
[   28.099568] raid6: sse2x2   gen() 11839 MB/s
[   28.171737] raid6: sse2x2   xor()  9299 MB/s
[   28.383572] raid6: sse2x4   gen() 15842 MB/s
[   28.511683] raid6: sse2x4   xor()  9578 MB/s
[   28.565122] raid6: using algorithm sse2x4 gen() 15842 MB/s
[   28.569439] raid6: .... xor() 9578 MB/s, rmw enabled
[   28.571457] raid6: using ssse3x2 recovery algorithm
[   28.697386] xor: automatically using best checksumming function:
[   28.787621]    avx       : 15388.000 MB/sec
[   28.919385] async_tx: api initialized (async)
[   28.949398] md: raid6 personality registered for level 6
[   29.112518] md: raid5 personality registered for level 5
[   29.237144] md: raid4 personality registered for level 4
[   29.418555] md: raid10 personality registered for level 10
done.
Begin: Running /scripts/init-p[   29.542065] Btrfs loaded
remount ... done.
Begin: Mounting root file system ... Begin: Running /scripts/local-top ... done.
Begin: Running /scripts/local-premount ... Scanning for Btrfs filesystems
done.
Warning: fsck no[   29.591842] EXT4-fs (sda1): INFO: recovery required on readonly filesystem
t present, so skipping root file[   29.689552] EXT4-fs (sda1): write access will be enabled during recovery
 system
[   29.815094] EXT4-fs (sda1): orphan cleanup on readonly fs
[   29.900698] EXT4-fs (sda1): 7 orphan inodes deleted
[   30.053221] EXT4-fs (sda1): recovery complete
[   30.209874] EXT4-fs (sda1): mounted filesystem with ordered data mode. Opts: (null)
done.
Begin: Running /scripts/local-bottom ... done.
Begin: Running /scripts/init-bottom ... done.
[   30.321612] systemd[1]: systemd 229 running in system mode. (+PAM +AUDIT +SELINUX +IMA +APPARMOR +SMACK +SYSVINIT +UTMP +LIBCRYPTSETUP +GCRYPT +GNUTLS +ACL +XZ -LZ4 +SECCOMP +BLKID +ELFUTILS +KMOD -IDN)
[   30.638790] systemd[1]: Detected virtualization oracle.
[   30.761134] systemd[1]: Detected architecture x86-64.

Welcome to [1mUbuntu 16.04.2 LTS[0m!

[   30.902163] systemd[1]: Set hostname to <ubuntu-xenial>.
[   31.067308] systemd[1]: Configuration file /etc/systemd/system/pm2.service is marked executable. Please remove executable permission bits. Proceeding anyway.
[   31.204609] systemd[1]: Reached target Encrypted Volumes.
[[0;32m  OK  [0m] Reached target Encrypted Volumes.
[   31.311183] systemd[1]: Listening on Journal Socket (/dev/log).
[[0;32m  OK  [0m] Listening on Journal Socket (/dev/log).
[   31.406212] systemd[1]: Listening on Journal Socket.
[[0;32m  OK  [0m] Listening on Journal Socket.
[   31.424239] systemd[1]: Listening on LVM2 poll daemon socket.
[[0;32m  OK  [0m] Listening on LVM2 poll daemon socket.
[   31.502634] systemd[1]: Listening on /dev/initctl Compatibility Named Pipe.
[[0;32m  OK  [0m] Listening on /dev/initctl Compatibility Named Pipe.
[   31.507342] systemd[1]: Listening on udev Control Socket.
[[0;32m  OK  [0m] Listening on udev Control Socket.
[   31.509108] systemd[1]: Reached target User and Group Name Lookups.
[[0;32m  OK  [0m] Reached target User and Group Name Lookups.
[   31.580718] systemd[1]: Listening on Device-mapper event daemon FIFOs.
[[0;32m  OK  [0m] Listening on Device-mapper event daemon FIFOs.
[   31.592135] systemd[1]: Set up automount Arbitrary Executable File Formats File System Automount Point.
[[0;32m  OK  [0m] Set up automount Arbitrary Executab...ats File System Automount Point.
[   31.872702] systemd[1]: Created slice System Slice.
[[0;32m  OK  [0m] Created slice System Slice.
[   31.939665] systemd[1]: Mounting Debug File System...
         [   32.101691] random: nonblocking pool is initialized
Mounting Debug File System...
[   32.295908] systemd[1]: Starting Remount Root and Kernel File Systems...
         Starting Remount[   32.355004] EXT4-fs (sda1): re-mounted. Opts: (null)
 Root and Kernel File Systems...
[   32.365792] systemd[1]: Starting Create list of required static device nodes for the current kernel...
         Starting Create list of required st... nodes for the current kernel...
[   32.555746] systemd[1]: Mounting POSIX Message Queue File System...
         Mounting POSIX Message Queue File System...
[   32.623848] systemd[1]: Starting Nameserver information manager...
         Starting Nameserver information manager...
[   32.675964] systemd[1]: Starting Load Kernel Modules...
         Starting Load Kernel Modules...
[   32.700017] systemd[1]: Created slice system-postgresql.slice.
[[0;32m  OK  [0m] Created slice[   32.821441] Loading iSCSI transport class v2.0-870.
 system-postgresql.slice.
[   32.875702] systemd[1]: Reached target Swap.
[[0;32m  OK  [0[   32.928795] iscsi: registered transport (tcp)
m] Reached target Swap.
[   33.124809] systemd[1]: Created slice system-serial\x2dgetty.slice.
[[0;32m  OK  [0m] Created slice sy[   33.130743] iscsi: registered transport (iser)
stem-serial\x2dgetty.slice.
[   33.306107] systemd[1]: Listening on Journal Audit Socket.
[[0;32m  OK  [0m] Listening on Journal Audit Socket.
[   33.315350] systemd[1]: Created slice User and Session Slice.
[[0;32m  OK  [0m] Created slice User and Session Slice.
[   33.340642] systemd[1]: Reached target Slices.
[[0;32m  OK  [0m] Reached target Slices.
[   33.364772] systemd[1]: Listening on LVM2 metadata daemon socket.
[[0;32m  OK  [0m] Listening on LVM2 metadata daemon socket.
[   33.620023] systemd[1]: Starting Monitoring of LVM2 mirrors, snapshots etc. using dmeventd or progress polling...
         Starting Monitoring of LVM2 mirrors... dmeventd or progress polling...
[   33.979985] systemd[1]: Starting Set console keymap...
         Starting Set console keymap...
[   34.032428] systemd[1]: Starting Uncomplicated firewall...
         Starting Uncomplicated firewall...
[   34.109934] systemd[1]: Started Forward Password Requests to Wall Directory Watch.
[[0;32m  OK  [0m] Started Forward Password Requests to Wall Directory Watch.
[   34.383986] systemd[1]: Mounting Huge Pages File System...
         Mounting Huge Pages File System...
[   34.390277] systemd[1]: Listening on Syslog Socket.
[[0;32m  OK  [0m] Listening on Syslog Socket.
[   34.519671] systemd[1]: Starting Journal Service...
         Starting Journal Service...
[   34.693687] systemd[1]: Listening on udev Kernel Socket.
[[0;32m  OK  [0m] Listening on udev Kernel Socket.
[   34.879559] systemd[1]: Mounted POSIX Message Queue File System.
[[0;32m  OK  [0m] Mounted POSIX Message Queue File System.
[   35.092312] systemd[1]: Mounted Debug File System.
[[0;32m  OK  [0m] Mounted Debug File System.
[   35.104070] systemd[1]: Mounted Huge Pages File System.
[[0;32m  OK  [0m] Mounted Huge Pages File System.
[   35.148529] systemd[1]: Started Journal Service.
[[0;32m  OK  [0m] Started Journal Service.
[[0;32m  OK  [0m] Started Remount Root and Kernel File Systems.
[[0;32m  OK  [0m] Started Create list of required sta...ce nodes for the current kernel.
[[0;32m  OK  [0m] Started Load Kernel Modules.
[[0;32m  OK  [0m] Started Set console keymap.
[[0;32m  OK  [0m] Started Uncomplicated firewall.
[[0;32m  OK  [0m] Started Nameserver information manager.
[[0;32m  OK  [0m] Started LVM2 metadata daemon.
         Starting Apply Kernel Variables...
         Mounting FUSE Control File System...
         Starting Create Static Device Nodes in /dev...
         Starting Initial cloud-init job (pre-networking)...
         Starting Load/Save Random Seed...
         Starting udev Coldplug all Devices...
         Starting Flush Journal to Persistent Storage...
[[0;32m  OK  [0m] Mounted FUSE Control File System.
[[0;32m  OK  [0m] Started Apply Kernel Variables.
[[0;32m  OK  [0m] Started Create Static Device Nodes in /dev.
[[0;32m  OK  [0m] Started Load/Save Random Seed.
[[0;32m  OK  [0m] Started Monitoring of LVM2 mirrors,...ng dmeventd or progress polling.
[[0;32m  OK  [0m] Started udev Coldplug all Devices.
         Starting udev Kernel Device Manager...
[[0;32m  OK  [0m] Started udev Kernel Device Manager.
[[0;32m  OK  [0m] Started Flush Journal to Persistent Storage.
[[0;32m  OK  [0m] Started Dispatch Password Requests to Console Directory Watch.
[[0;32m  OK  [0m] Reached target Local File Systems (Pre).
[[0;32m  OK  [0m] Reached target Local File Systems.
         Starting LSB: AppArmor initialization...
         Starting Create Volatile Files and Directories...
         Starting Tell Plymouth To Write Out Runtime Data...
         Starting Set console font and keymap...
[[0;32m  OK  [0m] Started Tell Plymouth To Write Out Runtime Data.
[[0;32m  OK  [0m] Found device /dev/ttyS0.
[[0;32m  OK  [0m] Started Create Volatile Files and Directories.
         Starting Update UTMP about System Boot/Shutdown...
[[0;32m  OK  [0m] Reached target System Time Synchronized.
[[0;32m  OK  [0m] Started Update UTMP about System Boot/Shutdown.
[[0;32m  OK  [0m] Found device 82540EM Gigabit Ethern...r (PRO/1000 MT Desktop Adapter).
[[0;32m  OK  [0m] Found device 82540EM Gigabit Ethern...r (PRO/1000 MT Desktop Adapter).
[   24.506538] cloud-init[487]: Cloud-init v. 0.7.9 running 'init-local' at Sat, 11 Mar 2017 16:25:22 +0000. Up 24.03 seconds.
[[0;32m  OK  [0m] Started Set console font and keymap.
[[0;32m  OK  [0m] Created slice system-getty.slice.
[[0;32m  OK  [0m] Started Initial cloud-init job (pre-networking).
[[0;32m  OK  [0m] Listening on Load/Save RF Kill Switch Status /dev/rfkill Watch.
[[0;32m  OK  [0m] Reached target Network (Pre).
[[0;32m  OK  [0m] Started LSB: AppArmor initialization.
[[0;32m  OK  [0m] Started ifup for enp0s3.
[[0;32m  OK  [0m] Started ifup for enp0s8.
         Starting Raise network interfaces...
[[0;32m  OK  [0m] Started Raise network interfaces.
         Starting Initial cloud-init job (metadata service crawler)...
[[0;32m  OK  [0m] Reached target Network.
[   27.727465] cloud-init[1177]: Cloud-init v. 0.7.9 running 'init' at Sat, 11 Mar 2017 16:25:25 +0000. Up 27.50 seconds.
[   27.738609] cloud-init[1177]: ci-info: ++++++++++++++++++++++++++++++++++++++Net device info++++++++++++++++++++++++++++++++++++++
[   27.752831] cloud-init[1177]: ci-info: +--------+------+-----------------------------+---------------+-------+-------------------+
[   27.764528] cloud-init[1177]: ci-info: | Device |  Up  |           Address           |      Mask     | Scope |     Hw-Address    |
[[0;32m  OK  [0m] Started Initial cloud-init job (metadata service crawler).
[   27.791772] cloud-init[1177]: ci-info: +--------+------+-----------------------------+---------------+-------+-------------------+
[   27.884715] cloud-init[1177]: ci-info: | enp0s8 | True |         172.28.128.3        | 255.255.255.0 |   .   | 08:00:27:a8:70:03 |
[[0;32m  OK  [0m] Reached target System Initialization.[   27.928632] cloud-init[1177]: ci-info: | enp0s8 | True | fe80::a00:27ff:fea8:7003/64 |       .       |  link | 08:00:27:a8:70:03 |
[   27.928755] cloud-init[1177]: ci-info: | enp0s3 | True |          10.0.2.15          | 255.255.255.0 |   .   | 02:a5:4d:55:cc:47 |
[   27.928829] cloud-init[1177]: ci-info: | enp0s3 | True |  fe80::a5:4dff:fe55:cc47/64 |       .       |  link | 02:a5:4d:55:cc:47 |
[   27.928901] cloud-init[1177]: ci-info: |   lo   | True |          127.0.0.1          |   255.0.0.0   |   .   |         .         |
[   27.928971] cloud-init[1177]: ci-info: |   lo   | True |           ::1/128           |       .       |  host |         .         |
[   27.929039] cloud-init[1177]: ci-info: +--------+------+-----------------------------+---------------+-------+-------------------+
[   27.929139] cloud-init[1177]: ci-info: ++++++++++++++++++++++++++++Route IPv4 info++++++++++++++++++++++++++++
[   27.929222] cloud-init[1177]: ci-info: +-------+--------------+----------+---------------+-----------+-------+
[   27.929290] cloud-init[1177]: ci-info: | Route | Destination  | Gateway  |    Genmask    | Interface | Flags |
[   27.929358] cloud-init[1177]: ci-info: +-------+--------------+----------+---------------+-----------+-------+
[   27.929433] cloud-init[1177]: ci-info: |   0   |   0.0.0.0    | 10.0.2.2 |    0.0.0.0    |   enp0s3  |   UG  |
[   27.929501] cloud-init[1177]: ci-info: |   1   |   10.0.2.0   | 0.0.0.0  | 255.255.255.0 |   enp0s3  |   U   |
[   27.929569] cloud-init[1177]: ci-info: |   2   | 172.28.128.0 | 0.0.0.0  | 255.255.255.0 |   enp0s8  |   U   |
[   27.929679] cloud-init[1177]: ci-info: +-------+--------------+----------+---------------+-----------+-------+

[[0;32m  OK  [0m] Started Timer to automatically refresh installed snaps.
[[0;32m  OK  [0m] Started ACPI Events Check.
[[0;32m  OK  [0m] Started Daily apt activities.
[[0;32m  OK  [0m] Listening on ACPID Listen Socket.
[[0;32m  OK  [0m] Listening on D-Bus System Message Bus Socket.
[[0;32m  OK  [0m] Started Trigger resolvconf update for networkd DNS.
[[0;32m  OK  [0m] Reached target Paths.
         Starting LXD - unix socket.
[[0;32m  OK  [0m] Listening on UUID daemon activation socket.
         Starting Socket activation for snappy daemon.
[[0;32m  OK  [0m] Started Daily Cleanup of Temporary Directories.
[[0;32m  OK  [0m] Reached target Timers.
[[0;32m  OK  [0m] Reached target Cloud-config availability.
[[0;32m  OK  [0m] Reached target Network is Online.
         Starting iSCSI initiator daemon (iscsid)...
[[0;32m  OK  [0m] Listening on LXD - unix socket.
[[0;32m  OK  [0m] Listening on Socket activation for snappy daemon.
[[0;32m  OK  [0m] Reached target Sockets.
[[0;32m  OK  [0m] Reached target Basic System.
[[0;32m  OK  [0m] Started FUSE filesystem for LXC.
         Starting Daily apt activities...
         Starting PostgreSQL Cluster 9.5-main...
         Starting Accounts Service...
         Starting A high performance web server and a reverse proxy server...
         Starting The PHP 7.0 FastCGI Process Manager...
         Starting Apply the settings specified in cloud-config...
         Starting MySQL Community Server...
         Starting Login Service...
         Starting OpenBSD Secure Shell server...
[[0;32m  OK  [0m] Started Deferred execution scheduler.
         Starting LSB: Record successful boot for GRUB...
         Starting System Logging Service...
         Starting /etc/rc.local Compatibility...
[[0;32m  OK  [0m] Started Snappy daemon.
         Starting Auto import assertions from block devices...
[[0;32m  OK  [0m] Started Regular background program processing daemon.
[[0;32m  OK  [0m] Started ACPI event daemon.
[[0;32m  OK  [0m] Started PM2 process manager.
[[0;32m  OK  [0m] Started D-Bus System Message Bus.
         Starting LSB: MD monitoring daemon...
         Starting LXD - container startup/shutdown...
[[0;32m  OK  [0m] Started OpenBSD Secure Shell server.
[[0;32m  OK  [0m] Started System Logging Service.
[   29.399956] cloud-init[1263]: Cloud-init v. 0.7.9 running 'modules:config' at Sat, 11 Mar 2017 16:25:27 +0000. Up 29.23 seconds.
[[0;32m  OK  [0m] Started iSCSI initiator daemon (iscsid).
[[0;32m  OK  [0m] Started Apply the settings specified in cloud-config.
[[0;32m  OK  [0m] Started /etc/rc.local Compatibility.
[[0;32m  OK  [0m] Started Auto import assertions from block devices.
[[0;32m  OK  [0m] Started LXD - container startup/shutdown.
[[0;32m  OK  [0m] Started A high performance web server and a reverse proxy server.
[[0;32m  OK  [0m] Started The PHP 7.0 FastCGI Process Manager.
[[0;32m  OK  [0m] Started LSB: Record successful boot for GRUB.
[[0;32m  OK  [0m] Started LSB: MD monitoring daemon.
[[0;32m  OK  [0m] Started Login Service.
         Starting Authenticate and Authorize Users to Run Privileged Tasks...
         Starting Login to default iSCSI targets...
[[0;32m  OK  [0m] Started Authenticate and Authorize Users to Run Privileged Tasks.
[[0;32m  OK  [0m] Started Accounts Service.
[[0;32m  OK  [0m] Started Login to default iSCSI targets.
[[0;32m  OK  [0m] Reached target Remote File Systems (Pre).
[[0;32m  OK  [0m] Reached target Remote File Systems.
         Starting LSB: automatic crash report generation...
         Starting LSB: Apache2 web server...
         Starting LSB: daemon to balance interrupts for SMP systems...
         Starting LSB: VirtualBox Linux Additions...
         Starting Permit User Sessions...
         Starting LSB: Start/stop sysstat's sadc...
         Starting LSB: Set the CPU Frequency Scaling governor to "ondemand"...
[[0;32m  OK  [0m] Started Permit User Sessions.
         Starting Hold until boot process finishes up...
         Starting Terminate Plymouth Boot Screen...
[[0;32m  OK  [0m] Started LSB: automatic crash report generation.
[[0;32m  OK  [0m] Started LSB: daemon to balance interrupts for SMP systems.
[[0;32m  OK  [0m] Started LSB: VirtualBox Linux Additions.
[[0;32m  OK  [0m] Started LSB: Start/stop sysstat's sadc.
[[0;32m  OK  [0m] Started LSB: Set the CPU Frequency Scaling governor to "ondemand".
[[0;32m  OK  [0m] Started Hold until boot process finishes up.
[[0;32m  OK  [0m] Started Terminate Plymouth Boot Screen.
[[0;32m  OK  [0m] Started Getty on tty1.
[[0;32m  OK  [0m] Started Serial Getty on ttyS0.
[[0;32m  OK  [0m] Reached target Login Prompts.
         Starting Set console scheme...
[[0;32m  OK  [0m] Started Set console scheme.
[[0;32m  OK  [0m] Started LSB: Apache2 web server.
[[0;32m  OK  [0m] Started MySQL Community Server.
[[0;32m  OK  [0m] Created slice User Slice of ubuntu.
[[0;32m  OK  [0m] Started PostgreSQL Cluster 9.5-main.
         Starting User Manager for UID 1000...
         Starting PostgreSQL RDBMS...
[[0;32m  OK  [0m] Started User Manager for UID 1000.
[[0;32m  OK  [0m] Started PostgreSQL RDBMS.
[[0;32m  OK  [0m] Started Session 1 of user ubuntu.
[[0;32m  OK  [0m] Reached target Multi-User System.
[[0;32m  OK  [0m] Reached target Graphical Interface.
         Starting Execute cloud user/final scripts...
         Starting Update UTMP about System Runlevel Changes...
[[0;32m  OK  [0m] Started Update UTMP about System Runlevel Changes.
[   32.296291] cloud-init[1937]: Cloud-init v. 0.7.9 running 'modules:final' at Sat, 11 Mar 2017 16:25:30 +0000. Up 32.13 seconds.
[   32.334822] cloud-init[1937]: Cloud-init v. 0.7.9 finished at Sat, 11 Mar 2017 16:25:30 +0000. Datasource DataSourceNoCloud [seed=/dev/sdb][dsmode=net].  Up 32.27 seconds
[[0;32m  OK  [0m] Started Execute cloud user/final scripts.
[[0;32m  OK  [0m] Reached target Cloud-init target.

Ubuntu 16.04.2 LTS ubuntu-xenial ttyS0

ubuntu-xenial login: 