[    0.000000] Initializing cgroup subsys cpuset
[    0.000000] Initializing cgroup subsys cpu
[    0.000000] Initializing cgroup subsys cpuacct
[    0.000000] Linux version 4.4.0-65-generic (buildd@lgw01-12) (gcc version 5.4.0 20160609 (Ubuntu 5.4.0-6ubuntu1~16.04.4) ) #86-Ubuntu SMP Thu Feb 23 17:49:58 UTC 2017 (Ubuntu 4.4.0-65.86-generic 4.4.49)
[    0.000000] Command line: BOOT_IMAGE=/boot/vmlinuz-4.4.0-65-generic root=UUID=730d2981-a991-47cf-bafe-eb78708352bd ro console=tty1 console=ttyS0
[    0.000000] KERNEL supported cpus:
[    0.000000]   Intel GenuineIntel
[    0.000000]   AMD AuthenticAMD
[    0.000000]   Centaur CentaurHauls
[    0.000000] x86/fpu: xstate_offset[2]:  576, xstate_sizes[2]:  256
[    0.000000] x86/fpu: Supporting XSAVE feature 0x01: 'x87 floating point registers'
[    0.000000] x86/fpu: Supporting XSAVE feature 0x02: 'SSE registers'
[    0.000000] x86/fpu: Supporting XSAVE feature 0x04: 'AVX registers'
[    0.000000] x86/fpu: Enabled xstate features 0x7, context size is 832 bytes, using 'standard' format.
[    0.000000] x86/fpu: Using 'lazy' FPU context switches.
[    0.000000] e820: BIOS-provided physical RAM map:
[    0.000000] BIOS-e820: [mem 0x0000000000000000-0x000000000009fbff] usable
[    0.000000] BIOS-e820: [mem 0x000000000009fc00-0x000000000009ffff] reserved
[    0.000000] BIOS-e820: [mem 0x00000000000f0000-0x00000000000fffff] reserved
[    0.000000] BIOS-e820: [mem 0x0000000000100000-0x00000000dffeffff] usable
[    0.000000] BIOS-e820: [mem 0x00000000dfff0000-0x00000000dfffffff] ACPI data
[    0.000000] BIOS-e820: [mem 0x00000000fec00000-0x00000000fec00fff] reserved
[    0.000000] BIOS-e820: [mem 0x00000000fee00000-0x00000000fee00fff] reserved
[    0.000000] BIOS-e820: [mem 0x00000000fffc0000-0x00000000ffffffff] reserved
[    0.000000] BIOS-e820: [mem 0x0000000100000000-0x0000000293ffffff] usable
[    0.000000] NX (Execute Disable) protection: active
[    0.000000] SMBIOS 2.5 present.
[    0.000000] Hypervisor detected: KVM
[    0.000000] e820: last_pfn = 0x294000 max_arch_pfn = 0x400000000
[    0.000000] MTRR: Disabled
[    0.000000] x86/PAT: MTRRs disabled, skipping PAT initialization too.
[    0.000000] x86/PAT: Configuration [0-7]: WB  WT  UC- UC  WB  WT  UC- UC  
[    0.000000] CPU MTRRs all blank - virtualized system.
[    0.000000] e820: last_pfn = 0xdfff0 max_arch_pfn = 0x400000000
[    0.000000] found SMP MP-table at [mem 0x0009fff0-0x0009ffff] mapped at [ffff88000009fff0]
[    0.000000] Scanning 1 areas for low memory corruption
[    0.000000] RAMDISK: [mem 0x36236000-0x37112fff]
[    0.000000] ACPI: Early table checksum verification disabled
[    0.000000] ACPI: RSDP 0x00000000000E0000 000024 (v02 VBOX  )
[    0.000000] ACPI: XSDT 0x00000000DFFF0030 00003C (v01 VBOX   VBOXXSDT 00000001 ASL  00000061)
[    0.000000] ACPI: FACP 0x00000000DFFF00F0 0000F4 (v04 VBOX   VBOXFACP 00000001 ASL  00000061)
[    0.000000] ACPI: DSDT 0x00000000DFFF0470 00210F (v01 VBOX   VBOXBIOS 00000002 INTL 20100528)
[    0.000000] ACPI: FACS 0x00000000DFFF0200 000040
[    0.000000] ACPI: FACS 0x00000000DFFF0200 000040
[    0.000000] ACPI: APIC 0x00000000DFFF0240 00005C (v02 VBOX   VBOXAPIC 00000001 ASL  00000061)
[    0.000000] ACPI: SSDT 0x00000000DFFF02A0 0001CC (v01 VBOX   VBOXCPUT 00000002 INTL 20100528)
[    0.000000] No NUMA configuration found
[    0.000000] Faking a node at [mem 0x0000000000000000-0x0000000293ffffff]
[    0.000000] NODE_DATA(0) allocated [mem 0x293ff3000-0x293ff7fff]
[    0.000000] kvm-clock: Using msrs 4b564d01 and 4b564d00
[    0.000000] kvm-clock: cpu 0, msr 2:93feb001, primary cpu clock
[    0.000000] kvm-clock: using sched offset of 3515318983 cycles
[    0.000000] clocksource: kvm-clock: mask: 0xffffffffffffffff max_cycles: 0x1cd42e4dffb, max_idle_ns: 881590591483 ns
[    0.000000] Zone ranges:
[    0.000000]   DMA      [mem 0x0000000000001000-0x0000000000ffffff]
[    0.000000]   DMA32    [mem 0x0000000001000000-0x00000000ffffffff]
[    0.000000]   Normal   [mem 0x0000000100000000-0x0000000293ffffff]
[    0.000000]   Device   empty
[    0.000000] Movable zone start for each node
[    0.000000] Early memory node ranges
[    0.000000]   node   0: [mem 0x0000000000001000-0x000000000009efff]
[    0.000000]   node   0: [mem 0x0000000000100000-0x00000000dffeffff]
[    0.000000]   node   0: [mem 0x0000000100000000-0x0000000293ffffff]
[    0.000000] Initmem setup node 0 [mem 0x0000000000001000-0x0000000293ffffff]
[    0.000000] ACPI: PM-Timer IO Port: 0x4008
[    0.000000] IOAPIC[0]: apic_id 2, version 32, address 0xfec00000, GSI 0-23
[    0.000000] ACPI: INT_SRC_OVR (bus 0 bus_irq 0 global_irq 2 dfl dfl)
[    0.000000] ACPI: INT_SRC_OVR (bus 0 bus_irq 9 global_irq 9 high level)
[    0.000000] Using ACPI (MADT) for SMP configuration information
[    0.000000] smpboot: Allowing 2 CPUs, 0 hotplug CPUs
[    0.000000] PM: Registered nosave memory: [mem 0x00000000-0x00000fff]
[    0.000000] PM: Registered nosave memory: [mem 0x0009f000-0x0009ffff]
[    0.000000] PM: Registered nosave memory: [mem 0x000a0000-0x000effff]
[    0.000000] PM: Registered nosave memory: [mem 0x000f0000-0x000fffff]
[    0.000000] PM: Registered nosave memory: [mem 0xdfff0000-0xdfffffff]
[    0.000000] PM: Registered nosave memory: [mem 0xe0000000-0xfebfffff]
[    0.000000] PM: Registered nosave memory: [mem 0xfec00000-0xfec00fff]
[    0.000000] PM: Registered nosave memory: [mem 0xfec01000-0xfedfffff]
[    0.000000] PM: Registered nosave memory: [mem 0xfee00000-0xfee00fff]
[    0.000000] PM: Registered nosave memory: [mem 0xfee01000-0xfffbffff]
[    0.000000] PM: Registered nosave memory: [mem 0xfffc0000-0xffffffff]
[    0.000000] e820: [mem 0xe0000000-0xfebfffff] available for PCI devices
[    0.000000] Booting paravirtualized kernel on KVM
[    0.000000] clocksource: refined-jiffies: mask: 0xffffffff max_cycles: 0xffffffff, max_idle_ns: 7645519600211568 ns
[    0.000000] setup_percpu: NR_CPUS:512 nr_cpumask_bits:512 nr_cpu_ids:2 nr_node_ids:1
[    0.000000] PERCPU: Embedded 33 pages/cpu @ffff880293c00000 s98264 r8192 d28712 u1048576
[    0.000000] PV qspinlock hash table entries: 256 (order: 0, 4096 bytes)
[    0.000000] Built 1 zonelists in Node order, mobility grouping on.  Total pages: 2531961
[    0.000000] Policy zone: Normal
[    0.000000] Kernel command line: BOOT_IMAGE=/boot/vmlinuz-4.4.0-65-generic root=UUID=730d2981-a991-47cf-bafe-eb78708352bd ro console=tty1 console=ttyS0
[    0.000000] PID hash table entries: 4096 (order: 3, 32768 bytes)
[    0.000000] Memory: 10026448K/10288696K available (8452K kernel code, 1293K rwdata, 3976K rodata, 1484K init, 1316K bss, 262248K reserved, 0K cma-reserved)
[    0.000000] SLUB: HWalign=64, Order=0-3, MinObjects=0, CPUs=2, Nodes=1
[    0.000000] Hierarchical RCU implementation.
[    0.000000] 	Build-time adjustment of leaf fanout to 64.
[    0.000000] 	RCU restricting CPUs from NR_CPUS=512 to nr_cpu_ids=2.
[    0.000000] RCU: Adjusting geometry for rcu_fanout_leaf=64, nr_cpu_ids=2
[    0.000000] NR_IRQS:33024 nr_irqs:440 16
[    0.000000] Console: colour VGA+ 80x25
[    0.000000] console [tty1] enabled
[    0.000000] console [ttyS0] enabled
[    0.000000] tsc: Detected 3497.972 MHz processor
[    7.175569] Calibrating delay loop (skipped) preset value.. 6995.94 BogoMIPS (lpj=13991888)
[    7.314380] pid_max: default: 32768 minimum: 301
[    7.351081] ACPI: Core revision 20150930
[    7.355101] ACPI: 2 ACPI AML tables successfully acquired and loaded
[    7.360573] Security Framework initialized
[    7.426508] Yama: becoming mindful.
[    7.500145] AppArmor: AppArmor initialized
[    7.549545] Dentry cache hash table entries: 2097152 (order: 12, 16777216 bytes)
[    7.589555] Inode-cache hash table entries: 1048576 (order: 11, 8388608 bytes)
[    7.616763] Mount-cache hash table entries: 32768 (order: 6, 262144 bytes)
[    7.793598] Mountpoint-cache hash table entries: 32768 (order: 6, 262144 bytes)
[    7.858305] Initializing cgroup subsys io
[    7.967506] Initializing cgroup subsys memory
[    8.063925] Initializing cgroup subsys devices
[    8.151633] Initializing cgroup subsys freezer
[    8.221726] Initializing cgroup subsys net_cls
[    8.327897] Initializing cgroup subsys perf_event
[    8.437027] Initializing cgroup subsys net_prio
[    8.525653] Initializing cgroup subsys hugetlb
[    8.606194] Initializing cgroup subsys pids
[    8.638066] CPU: Physical Processor ID: 0
[    8.670517] CPU: Processor Core ID: 0
[    8.689438] mce: CPU supports 0 MCE banks
[    8.780131] Last level iTLB entries: 4KB 1024, 2MB 1024, 4MB 1024
[    8.782485] Last level dTLB entries: 4KB 1024, 2MB 1024, 4MB 1024, 1GB 4
[    8.790576] Freeing SMP alternatives memory: 32K (ffffffff820b8000 - ffffffff820c0000)
[    8.907777] ftrace: allocating 32113 entries in 126 pages
[    9.037897] smpboot: APIC(0) Converting physical 0 to logical package 0
[    9.052290] smpboot: Max logical packages: 1
[    9.100316] x2apic enabled
[    9.155286] Switched APIC routing to physical x2apic.
[    9.211836] ..TIMER: vector=0x30 apic1=0 pin1=2 apic2=-1 pin2=-1
[    9.371707] smpboot: CPU0: Intel(R) Core(TM) i7-5930K CPU @ 3.50GHz (family: 0x6, model: 0x3f, stepping: 0x2)
[    9.592263] Performance Events: unsupported p6 CPU model 63 no PMU driver, software events only.
[    9.784221] KVM setup paravirtual spinlock
[    9.870207] x86: Booting SMP configuration:
[    9.936421] .... node  #0, CPUs:      #1
[    9.998624] kvm-clock: cpu 1, msr 2:93feb041, secondary cpu clock
[   10.014420] mce: CPU supports 0 MCE banks
[   10.121779] x86: Booted up 1 node, 2 CPUs
[   10.156321] smpboot: Total of 2 processors activated (13991.88 BogoMIPS)
[   10.159028] devtmpfs: initialized
[   10.162565] evm: security.selinux
[   10.170328] evm: security.SMACK64
[   10.171017] evm: security.SMACK64EXEC
[   10.198498] evm: security.SMACK64TRANSMUTE
[   10.240727] evm: security.SMACK64MMAP
[   10.247296] evm: security.ima
[   10.298466] evm: security.capability
[   10.302203] clocksource: jiffies: mask: 0xffffffff max_cycles: 0xffffffff, max_idle_ns: 7645041785100000 ns
[   10.487371] pinctrl core: initialized pinctrl subsystem
[   10.495615] RTC time: 15:18:07, date: 03/07/17
[   10.532681] NET: Registered protocol family 16
[   10.564013] cpuidle: using governor ladder
[   10.576031] cpuidle: using governor menu
[   10.592400] PCCT header not found.
[   10.604676] ACPI: bus type PCI registered
[   10.615233] acpiphp: ACPI Hot Plug PCI Controller Driver version: 0.5
[   10.759751] PCI: Using configuration type 1 for base access
[   10.796995] ACPI: Added _OSI(Module Device)
[   10.811192] ACPI: Added _OSI(Processor Device)
[   10.819141] ACPI: Added _OSI(3.0 _SCP Extensions)
[   10.838472] ACPI: Added _OSI(Processor Aggregator Device)
[   10.889424] ACPI: Executed 1 blocks of module-level executable AML code
[   10.896819] ACPI: Interpreter enabled
[   10.957070] ACPI: (supports S0 S5)
[   11.015066] ACPI: Using IOAPIC for interrupt routing
[   11.026082] PCI: Using host bridge windows from ACPI; if necessary, use "pci=nocrs" and report a bug
[   11.151426] ACPI: PCI Root Bridge [PCI0] (domain 0000 [bus 00-ff])
[   11.198572] acpi PNP0A03:00: _OSC: OS supports [ASPM ClockPM Segments MSI]
[   11.251898] acpi PNP0A03:00: _OSC failed (AE_NOT_FOUND); disabling ASPM
[   11.376933] acpi PNP0A03:00: fail to add MMCONFIG information, can't access extended PCI configuration space under this bridge.
[   11.617129] PCI host bridge to bus 0000:00
[   11.746109] pci_bus 0000:00: root bus resource [io  0x0000-0x0cf7 window]
[   11.769659] pci_bus 0000:00: root bus resource [io  0x0d00-0xffff window]
[   11.770819] pci_bus 0000:00: root bus resource [mem 0x000a0000-0x000bffff window]
[   11.838519] pci_bus 0000:00: root bus resource [mem 0xe0000000-0xffdfffff window]
[   11.918606] pci_bus 0000:00: root bus resource [bus 00-ff]
[   12.028542] pci 0000:00:01.1: legacy IDE quirk: reg 0x10: [io  0x01f0-0x01f7]
[   12.166999] pci 0000:00:01.1: legacy IDE quirk: reg 0x14: [io  0x03f6]
[   12.322024] pci 0000:00:01.1: legacy IDE quirk: reg 0x18: [io  0x0170-0x0177]
[   12.409954] pci 0000:00:01.1: legacy IDE quirk: reg 0x1c: [io  0x0376]
[   12.568502] pci 0000:00:07.0: quirk: [io  0x4000-0x403f] claimed by PIIX4 ACPI
[   12.582205] pci 0000:00:07.0: quirk: [io  0x4100-0x410f] claimed by PIIX4 SMB
[   12.664731] ACPI: PCI Interrupt Link [LNKA] (IRQs 5 9 10 *11)
[   12.671226] ACPI: PCI Interrupt Link [LNKB] (IRQs 5 9 10 *11)
[   12.676802] ACPI: PCI Interrupt Link [LNKC] (IRQs 5 9 *10 11)
[   12.680173] ACPI: PCI Interrupt Link [LNKD] (IRQs 5 *9 10 11)
[   12.683594] ACPI: Enabled 2 GPEs in block 00 to 07
[   12.686261] vgaarb: setting as boot device: PCI:0000:00:02.0
[   12.688542] vgaarb: device added: PCI:0000:00:02.0,decodes=io+mem,owns=io+mem,locks=none
[   12.691287] vgaarb: loaded
[   12.718185] vgaarb: bridge control possible 0000:00:02.0
[   12.751370] SCSI subsystem initialized
[   12.813984] ACPI: bus type USB registered
[   12.896876] usbcore: registered new interface driver usbfs
[   13.015094] usbcore: registered new interface driver hub
[   13.028955] usbcore: registered new device driver usb
[   13.048266] PCI: Using ACPI for IRQ routing
[   13.063073] NetLabel: Initializing
[   13.125691] NetLabel:  domain hash size = 128
[   13.175521] NetLabel:  protocols = UNLABELED CIPSOv4
[   13.218325] NetLabel:  unlabeled traffic allowed by default
[   13.239366] amd_nb: Cannot enumerate AMD northbridges
[   13.268205] clocksource: Switched to clocksource kvm-clock
[   13.415595] AppArmor: AppArmor Filesystem Enabled
[   13.551465] pnp: PnP ACPI init
[   13.634655] pnp: PnP ACPI: found 3 devices
[   13.738594] clocksource: acpi_pm: mask: 0xffffff max_cycles: 0xffffff, max_idle_ns: 2085701024 ns
[   13.982089] NET: Registered protocol family 2
[   14.056488] TCP established hash table entries: 131072 (order: 8, 1048576 bytes)
[   14.109738] TCP bind hash table entries: 65536 (order: 8, 1048576 bytes)
[   14.116899] TCP: Hash tables configured (established 131072 bind 65536)
[   14.287588] UDP hash table entries: 8192 (order: 6, 262144 bytes)
[   14.380003] UDP-Lite hash table entries: 8192 (order: 6, 262144 bytes)
[   14.454036] NET: Registered protocol family 1
[   14.465973] pci 0000:00:00.0: Limiting direct PCI/PCI transfers
[   14.530972] pci 0000:00:01.0: Activating ISA DMA hang workarounds
[   14.555199] Unpacking initramfs...
[   14.811841] Freeing initrd memory: 15220K (ffff880036236000 - ffff880037113000)
[   15.061432] PCI-DMA: Using software bounce buffering for IO (SWIOTLB)
[   15.139868] software IO TLB [mem 0xdbff0000-0xdfff0000] (64MB) mapped at [ffff8800dbff0000-ffff8800dffeffff]
[   15.153295] RAPL PMU detected, API unit is 2^-32 Joules, 3 fixed counters 10737418240 ms ovfl timer
[   15.177951] hw unit of domain pp0-core 2^-0 Joules
[   15.315919] hw unit of domain package 2^-0 Joules
[   15.484321] hw unit of domain dram 2^-16 Joules
[   15.650132] platform rtc_cmos: registered platform RTC device (no PNP device found)
[   15.875789] Scanning for low memory corruption every 60 seconds
[   15.898021] futex hash table entries: 512 (order: 3, 32768 bytes)
[   16.018041] audit: initializing netlink subsys (disabled)
[   16.040786] audit: type=2000 audit(1488899884.931:1): initialized
[   16.232519] Initialise system trusted keyring
[   16.238160] HugeTLB registered 2 MB page size, pre-allocated 0 pages
[   16.247846] zbud: loaded
[   16.249609] VFS: Disk quotas dquot_6.6.0
[   16.253964] VFS: Dquot-cache hash table entries: 512 (order 0, 4096 bytes)
[   16.258566] squashfs: version 4.0 (2009/01/31) Phillip Lougher
[   16.303014] fuse init (API version 7.23)
[   16.396116] Key type big_key registered
[   16.404392] Allocating IMA MOK and blacklist keyrings.
[   16.413427] Key type asymmetric registered
[   16.435548] Asymmetric key parser 'x509' registered
[   16.560913] Block layer SCSI generic (bsg) driver version 0.4 loaded (major 249)
[   16.622093] io scheduler noop registered
[   16.756256] tsc: Refined TSC clocksource calibration: 3497.579 MHz
[   16.760529] io scheduler deadline registered (default)
[   16.760614] io scheduler cfq registered
ÿ[   16.760802] pci_hotplug: PCI Hot Plug PCI Core version: 0.5
[   16.760814] pciehp: PCI Express Hot Plug Controller Driver version: 0.4
[   16.761083] ACPI: AC Adapter [AC] (on-line)
[   16.761179] input: Power Button as /devices/LNXSYSTM:00/LNXPWRBN:00/input/input0
[   16.761184] ACPI: Power Button [PWRF]
[   16.761324] input: Sleep Button as /devices/LNXSYSTM:00/LNXSLPBN:00/input/input1
[   16.761327] ACPI: Sleep Button [SLPF]
[   16.972650] GHES: HEST is not enabled!
[   17.144620] Serial: 8250/16550 driver, 32 ports, IRQ sharing enabled
[   17.309691] 00:02: ttyS0 at I/O 0x3f8 (irq = 4, base_baud = 115200) is a 16550A
[   17.317481] Linux agpgart interface v0.103
[   17.325924] loop: module loaded
[   17.326397] scsi host0: ata_piix
[   17.326444] scsi host1: ata_piix
[   17.326471] ata1: PATA max UDMA/33 cmd 0x1f0 ctl 0x3f6 bmdma 0xd000 irq 14
[   17.326472] ata2: PATA max UDMA/33 cmd 0x170 ctl 0x376 bmdma 0xd008 irq 15
[   17.326536] libphy: Fixed MDIO Bus: probed
[   17.326538] tun: Universal TUN/TAP device driver, 1.6
[   17.326538] tun: (C) 1999-2004 Max Krasnyansky <maxk@qualcomm.com>
[   17.326813] PPP generic driver version 2.4.2
[   17.326863] ehci_hcd: USB 2.0 'Enhanced' Host Controller (EHCI) Driver
[   17.326866] ehci-pci: EHCI PCI platform driver
[   17.326873] ehci-platform: EHCI generic platform driver
[   17.326880] ohci_hcd: USB 1.1 'Open' Host Controller (OHCI) Driver
[   17.326882] ohci-pci: OHCI PCI platform driver
[   17.326889] ohci-platform: OHCI generic platform driver
[   17.326894] uhci_hcd: USB Universal Host Controller Interface driver
[   17.326937] i8042: PNP: PS/2 Controller [PNP0303:PS2K,PNP0f03:PS2M] at 0x60,0x64 irq 1,12
[   17.327372] serio: i8042 KBD port at 0x60,0x64 irq 1
[   17.327375] serio: i8042 AUX port at 0x60,0x64 irq 12
[   17.327462] mousedev: PS/2 mouse device common for all mice
[   17.327720] input: AT Translated Set 2 keyboard as /devices/platform/i8042/serio0/input/input2
[   17.328011] rtc_cmos rtc_cmos: rtc core: registered rtc_cmos as rtc0
[   17.328062] rtc_cmos rtc_cmos: alarms up to one day, 114 bytes nvram
[   17.328067] i2c /dev entries driver
[   17.328106] device-mapper: uevent: version 1.0.3
[   17.328151] device-mapper: ioctl: 4.34.0-ioctl (2015-10-28) initialised: dm-devel@redhat.com
[   17.328169] ledtrig-cpu: registered to indicate activity on CPUs
[   17.328386] NET: Registered protocol family 10
[   17.328500] NET: Registered protocol family 17
[   17.328511] Key type dns_resolver registered
[   17.328620] microcode: CPU0 sig=0x306f2, pf=0x40, revision=0x0
[   17.333885] microcode: CPU1 sig=0x306f2, pf=0x40, revision=0x0
[   17.333917] microcode: Microcode Update Driver: v2.01 <tigran@aivazian.fsnet.co.uk>, Peter Oruba
[   17.334016] registered taskstats version 1
[   17.334027] Loading compiled-in X.509 certificates
[   17.334661] Loaded X.509 cert 'Build time autogenerated kernel key: 98d183b99aa40711f99c95e057e5fc854b84a3cb'
[   17.334679] zswap: loaded using pool lzo/zbud
[   17.336255] Key type trusted registered
[   17.338524] Key type encrypted registered
[   17.338528] AppArmor: AppArmor sha1 policy hashing enabled
[   17.338530] ima: No TPM chip found, activating TPM-bypass!
[   17.339074] evm: HMAC attrs: 0x1
[   17.339339]   Magic number: 9:368:335
[   17.339354] tty tty56: hash matches
[   17.340426] rtc_cmos rtc_cmos: setting system clock to 2017-03-07 15:18:13 UTC (1488899893)
[   17.340582] BIOS EDD facility v0.16 2004-Jun-25, 0 devices found
[   17.340583] EDD information not available.
[   22.781551] clocksource: tsc: mask: 0xffffffffffffffff max_cycles: 0x326a6272dbe, max_idle_ns: 440795365839 ns
[   23.035883] Freeing unused kernel memory: 1484K (ffffffff81f45000 - ffffffff820b8000)
[   23.207046] Write protecting the kernel read-only data: 14336k
[   23.340140] Freeing unused kernel memory: 1776K (ffff880001844000 - ffff880001a00000)
[   23.375668] Freeing unused kernel memory: 120K (ffff880001de2000 - ffff880001e00000)
Loading, please wait...
starting version[   23.501740] random: udevadm: uninitialized urandom read (16 bytes read, 4 bits of entropy available)
 229
[   23.502055] random: systemd-udevd: uninitialized urandom read (16 bytes read, 4 bits of entropy available)
[   23.502180] random: systemd-udevd: uninitialized urandom read (16 bytes read, 4 bits of entropy available)
[   23.502202] random: systemd-udevd: uninitialized urandom read (16 bytes read, 4 bits of entropy available)
[   23.502228] random: systemd-udevd: uninitialized urandom read (16 bytes read, 4 bits of entropy available)
[   24.361830] random: udevadm: uninitialized urandom read (16 bytes read, 4 bits of entropy available)
[   24.554882] random: udevadm: uninitialized urandom read (16 bytes read, 4 bits of entropy available)
[   24.753286] random: udevadm: uninitialized urandom read (16 bytes read, 4 bits of entropy available)
[   24.899699] random: udevadm: uninitialized urandom read (16 bytes read, 4 bits of entropy available)
[   24.982825] random: udevadm: uninitialized urandom read (16 bytes read, 4 bits of entropy available)
[   25.111008] e1000: Intel(R) PRO/1000 Network Driver - version 7.3.21-k8-NAPI
[   25.159758] e1000: Copyright (c) 1999-2006 Intel Corporation.
[   25.284939] Fusion MPT base driver 3.04.20
[   25.289685] Copyright (c) 1999-2008 LSI Corporation
[   25.387919] Fusion MPT SPI Host driver 3.04.20
[   25.497870] input: ImExPS/2 Generic Explorer Mouse as /devices/platform/i8042/serio1/input/input4
[   25.535773] AVX version of gcm_enc/dec engaged.
[   25.579079] AES CTR mode by8 optimization enabled
[   25.873874] e1000 0000:00:03.0 eth0: (PCI:33MHz:32-bit) 02:a5:4d:55:cc:47
[   25.878590] e1000 0000:00:03.0 eth0: Intel(R) PRO/1000 Network Connection
[   25.882811] mptbase: ioc0: Initiating bringup
[   25.961158] ioc0: LSI53C1030 A0: Capabilities={Initiator}
[   26.143238] scsi host2: ioc0: LSI53C1030 A0, FwRev=00000000h, Ports=1, MaxQ=256, IRQ=20
[   26.345119] scsi 2:0:0:0: Direct-Access     VBOX     HARDDISK         1.0  PQ: 0 ANSI: 5
[   26.484459] scsi target2:0:0: Beginning Domain Validation
[   26.581267] scsi target2:0:0: Domain Validation skipping write tests
[   26.690065] scsi target2:0:0: Ending Domain Validation
[   26.705090] e1000 0000:00:08.0 eth1: (PCI:33MHz:32-bit) 08:00:27:a8:70:03
[   26.705092] e1000 0000:00:08.0 eth1: Intel(R) PRO/1000 Network Connection
[   27.177184] scsi target2:0:0: asynchronous
[   27.177916] e1000 0000:00:08.0 enp0s8: renamed from eth1
[   27.380504] scsi 2:0:1:0: Direct-Access     VBOX     HARDDISK         1.0  PQ: 0 ANSI: 5
[   27.605134] scsi target2:0:1: Beginning Domain Validation
[   27.612972] e1000 0000:00:03.0 enp0s3: renamed from eth0
[   27.799168] scsi target2:0:1: Domain Validation skipping write tests
[   27.966458] scsi target2:0:1: Ending Domain Validation
[   28.105968] scsi target2:0:1: asynchronous
[   28.152358] sd 2:0:0:0: Attached scsi generic sg0 type 0
[   28.246870] sd 2:0:1:0: [sdb] 20480 512-byte logical blocks: (10.5 MB/10.0 MiB)
[   28.247043] sd 2:0:0:0: [sda] 20971520 512-byte logical blocks: (10.7 GB/10.0 GiB)
[   28.358017] sd 2:0:1:0: Attached scsi generic sg1 type 0
[   28.388257] floppy0: no floppy controllers found
[   28.388291] work still pending
[   28.708533] sd 2:0:0:0: [sda] Write Protect is off
[   28.827682] sd 2:0:0:0: [sda] Incomplete mode parameter data
[   28.978414] sd 2:0:0:0: [sda] Assuming drive cache: write through
[   28.980828] sd 2:0:1:0: [sdb] Write Protect is off
[   28.981025] sd 2:0:1:0: [sdb] Incomplete mode parameter data
[   28.981028] sd 2:0:1:0: [sdb] Assuming drive cache: write through
[   29.131388] sd 2:0:1:0: [sdb] Attached SCSI disk
[   29.651074]  sda: sda1
[   29.654011] sd 2:0:0:0: [sda] Attached SCSI disk
Begin: Loading e[   31.122001] md: linear personality registered for level -1
ssential drivers[   31.138365] md: multipath personality registered for level -4
 ... [   31.165097] md: raid0 personality registered for level 0
[   31.359379] md: raid1 personality registered for level 1
[   31.440268] raid6: sse2x1   gen()  8340 MB/s
[   31.516322] raid6: sse2x1   xor()  5167 MB/s
[   31.608461] raid6: sse2x2   gen() 13275 MB/s
[   31.804263] raid6: sse2x2   xor()  9081 MB/s
[   32.024240] raid6: sse2x4   gen() 15375 MB/s
[   32.204387] raid6: sse2x4   xor() 10503 MB/s
[   32.228194] raid6: using algorithm sse2x4 gen() 15375 MB/s
[   32.341438] raid6: .... xor() 10503 MB/s, rmw enabled
[   32.476142] raid6: using ssse3x2 recovery algorithm
[   32.600294] xor: automatically using best checksumming function:
[   32.744284]    avx       : 27253.000 MB/sec
[   32.881388] async_tx: api initialized (async)
[   32.990654] md: raid6 personality registered for level 6
[   33.017428] md: raid5 personality registered for level 5
[   33.051805] md: raid4 personality registered for level 4
[   33.070790] md: raid10 personality registered for level 10
done.
Begin: Running /scripts/init-premount ... done.
Begin: Mounting root file system ... Begin: Running /scripts/local-top ... done.
Begin: Running /[   33.287957] Btrfs loaded
scripts/local-premount ... Scanning for Btrfs filesystems
done.
Warning: fsck no[   33.394880] EXT4-fs (sda1): mounted filesystem with ordered data mode. Opts: (null)
t present, so skipping root file system
done.
Begin: Running /scripts/local-bottom ... done.
Begin: Running /scripts/init-bottom ... done.
[   33.669961] systemd[1]: systemd 229 running in system mode. (+PAM +AUDIT +SELINUX +IMA +APPARMOR +SMACK +SYSVINIT +UTMP +LIBCRYPTSETUP +GCRYPT +GNUTLS +ACL +XZ -LZ4 +SECCOMP +BLKID +ELFUTILS +KMOD -IDN)
[   33.757028] systemd[1]: Detected virtualization oracle.
[   33.855184] systemd[1]: Detected architecture x86-64.

Welcome to [1mUbuntu 16.04.2 LTS[0m!

[   34.001671] systemd[1]: Set hostname to <ubuntu-xenial>.
[   34.150559] systemd[1]: Configuration file /etc/systemd/system/pm2.service is marked executable. Please remove executable permission bits. Proceeding anyway.
[   34.234416] systemd[1]: Listening on /dev/initctl Compatibility Named Pipe.
[[0;32m  OK  [0m] Listening on /dev/initctl Compatibility Named Pipe.
[   34.388856] systemd[1]: Listening on Syslog Socket.
[[0;32m  OK  [0m] Listening on Syslog Socket.
[   34.434671] systemd[1]: Listening on LVM2 metadata daemon socket.
[[0;32m  OK  [0m] Listening on LVM2 metadata daemon socket.
[   34.529032] systemd[1]: Started Forward Password Requests to Wall Directory Watch.
[[0;32m  OK  [0m] Started Forward Password Requests to Wall Directory Watch.
[   34.557100] systemd[1]: Listening on Device-mapper event daemon FIFOs.
[[0;32m  OK  [0m] Listening on Device-mapper event daemon FIFOs.
[   34.680702] systemd[1]: Set up automount Arbitrary Executable File Formats File System Automount Point.
[[0;32m  OK  [0m] Set up automount Arbitrary Executab...ats File System Automount Point.
[   34.868450] systemd[1]: Listening on udev Control Socket.
[[0;32m  OK  [0m] Listening on udev Control Socket.
[   34.993737] systemd[1]: Listening on Journal Socket.
[[0;32m  OK  [0m] Listening on Journal Socket.
[   35.054080] systemd[1]: Created slice User and Session Slice.
[[0;32m  OK  [0m] Created slice User and Session Slice.
[   35.203533] systemd[1]: Reached target Swap.
[[0;32m  OK  [0m] Reached target Swap.
[   35.341258] systemd[1]: Reached target User and Group Name Lookups.
[[0;32m  OK  [0m] Reached target User and Group Name Lookups.
[   35.457277] systemd[1]: Listening on Journal Audit Socket.
[[0;32m  OK  [0m] Listening on Journal Audit Socket.
[   35.488964] systemd[1]: Reached target Encrypted Volumes.
[[0;32m  OK  [0m] Reached target Encrypted Volumes.
[   35.612744] systemd[1]: Listening on Journal Socket (/dev/log).
[[0;32m  OK  [0m] Listening on Journal Socket (/dev/log).
[   35.705363] systemd[1]: Created slice System Slice.
[[0;32m  OK  [0m] Created slice System Slice.
[   35.912454] systemd[1]: Starting Nameserver information manager...
         Starting Nameserver information manager...
[   35.933795] systemd[1]: Starting Journal Service...
         Starting Journal Service...
[   36.068772] systemd[1]: Starting Set console keymap...
         Starting Set console keymap...
[   36.092575] systemd[1]: Reached target Slices.
[[0;32m  OK  [0m] Reached target Slices.
[   36.176932] systemd[1]: Starting Uncomplicated firewall...
         Starting Uncomplicated firewall...
[   36.354055] systemd[1]: Mounting Huge Pages File System...
         Mounting Huge Pages File System...
[   36.444463] systemd[1]: Starting Monitoring of LVM2 mirrors, snapshots etc. using dmeventd or progress polling...
         Starting Monitoring of LVM2 mirrors... dmeventd or progress polling...
[   36.528335] systemd[1]: Mounting POSIX Message Queue File System...
         Mounting POSIX Message Queue File System...
[   36.599589] systemd[1]: Created slice system-serial\x2dgetty.slice.
[[0;32m  OK  [0m] Created slice system-serial\x2dgetty.slice.
[   36.635801] systemd[1]: Created slice system-postgresql.slice.
[[0;32m  OK  [0m] Created slice system-postgresql.slice.
[   36.672805] systemd[1]: Starting Create list of required static device nodes for the current kernel...
[   36.673527] random: nonblocking pool is initialized
         Starting Create list of required st... nodes for the current kernel...
[   37.080317] systemd[1]: Mounting Debug File System...
         Mounting Debug File System...
[   37.224626] systemd[1]: Starting Load Kernel Modules...
[   37.245892] Loading iSCSI transport class v2.0-870.
         Startin[   37.355239] iscsi: registered transport (tcp)
g Load Kernel Modules...
[   37.476552] iscsi: registered transport (iser)
[   37.508386] systemd[1]: Starting Remount Root and Kernel File Systems...
         Startin[   37.592494] EXT4-fs (sda1): re-mounted. Opts: (null)
g Remount Root and Kernel File Systems...
[   37.716757] systemd[1]: Listening on LVM2 poll daemon socket.
[[0;32m  OK  [0m] Listening on LVM2 poll daemon socket.
[   37.844468] systemd[1]: Listening on udev Kernel Socket.
[[0;32m  OK  [0m] Listening on udev Kernel Socket.
[   37.926037] systemd[1]: Mounted POSIX Message Queue File System.
[[0;32m  OK  [0m] Mounted POSIX Message Queue File System.
[   38.083950] systemd[1]: Mounted Debug File System.
[[0;32m  OK  [0m] Mounted Debug File System.
[   38.142536] systemd[1]: Mounted Huge Pages File System.
[[0;32m  OK  [0m] Mounted Huge Pages File System.
[   38.212581] systemd[1]: Started Journal Service.
[[0;32m  OK  [0m] Started Journal Service.
[[0;32m  OK  [0m] Started Set console keymap.
[[0;32m  OK  [0m] Started Uncomplicated firewall.
[[0;32m  OK  [0m] Started Create list of required sta...ce nodes for the current kernel.
[[0;32m  OK  [0m] Started Load Kernel Modules.
[[0;32m  OK  [0m] Started Remount Root and Kernel File Systems.
[[0;32m  OK  [0m] Started Nameserver information manager.
[[0;32m  OK  [0m] Started LVM2 metadata daemon.
         Starting Load/Save Random Seed...
         Starting udev Coldplug all Devices...
         Starting Initial cloud-init job (pre-networking)...
         Mounting FUSE Control File System...
         Starting Apply Kernel Variables...
         Starting Create Static Device Nodes in /dev...
         Starting Flush Journal to Persistent Storage...
[[0;32m  OK  [0m] Mounted FUSE Control File System.
[[0;32m  OK  [0m] Started Load/Save Random Seed.
[[0;32m  OK  [0m] Started Monitoring of LVM2 mirrors,...ng dmeventd or progress polling.
[[0;32m  OK  [0m] Started Apply Kernel Variables.
[[0;32m  OK  [0m] Started Create Static Device Nodes in /dev.
[[0;32m  OK  [0m] Started udev Coldplug all Devices.
[[0;32m  OK  [0m] Started Flush Journal to Persistent Storage.
         Starting udev Kernel Device Manager...
[[0;32m  OK  [0m] Started udev Kernel Device Manager.
[[0;32m  OK  [0m] Reached target Local File Systems (Pre).
[[0;32m  OK  [0m] Reached target Local File Systems.
         Starting Set console font and keymap...
         Starting Tell Plymouth To Write Out Runtime Data...
         Starting LSB: AppArmor initialization...
         Starting Create Volatile Files and Directories...
[[0;32m  OK  [0m] Started Dispatch Password Requests to Console Directory Watch.
[[0;32m  OK  [0m] Started Tell Plymouth To Write Out Runtime Data.
[[0;32m  OK  [0m] Started Create Volatile Files and Directories.
[[0;32m  OK  [0m] Reached target System Time Synchronized.
         Starting Update UTMP about System Boot/Shutdown...
[[0;32m  OK  [0m] Started LSB: AppArmor initialization.
[[0;32m  OK  [0m] Found device /dev/ttyS0.
[[0;32m  OK  [0m] Started Update UTMP about System Boot/Shutdown.
[[0;32m  OK  [0m] Started Set console font and keymap.
[[0;32m  OK  [0m] Created slice system-getty.slice.
[[0;32m  OK  [0m] Found device 82540EM Gigabit Ethern...r (PRO/1000 MT Desktop Adapter).
[[0;32m  OK  [0m] Found device 82540EM Gigabit Ethern...r (PRO/1000 MT Desktop Adapter).
[   27.097496] cloud-init[453]: Cloud-init v. 0.7.9 running 'init-local' at Tue, 07 Mar 2017 15:18:35 +0000. Up 26.85 seconds.
[[0;32m  OK  [0m] Started Initial cloud-init job (pre-networking).
[[0;32m  OK  [0m] Reached target Network (Pre).
[[0;32m  OK  [0m] Started ifup for enp0s8.
[[0;32m  OK  [0m] Started ifup for enp0s3.
         Starting Raise network interfaces...
[[0;32m  OK  [0m] Listening on Load/Save RF Kill Switch Status /dev/rfkill Watch.
[[0;32m  OK  [0m] Started Raise network interfaces.
         Starting Initial cloud-init job (metadata service crawler)...
[[0;32m  OK  [0m] Reached target Network.
[   30.400197] cloud-init[1068]: Cloud-init v. 0.7.9 running 'init' at Tue, 07 Mar 2017 15:18:38 +0000. Up 30.19 seconds.
[   30.436318] cloud-init[1068]: ci-info: ++++++++++++++++++++++++++++++++++++++Net device info++++++++++++++++++++++++++++++++++++++
[   30.452337] [cloud-init[0;32m  OK  [0m[1068]: ] ci-info: +--------+------+-----------------------------+---------------+-------+-------------------+Started Initial cloud-init job (metadata service crawler).

[   30.452654] cloud-init[1068]: ci-info: | Device |  Up  |           Address           |      Mask     | Scope |     Hw-Address    |
[   30.524408] [cloud-init[0;32m  OK  [0m[1068]: ] ci-info: +--------+------+-----------------------------+---------------+-------+-------------------+Reached target Network is Online.

[   30.560498] cloud-init[1068]: ci-info: | enp0s8 | True |         172.28.128.3        | 255.255.255.0 |   .   | 08:00:27:a8:70:03 |
         Starting iSCSI initiator daemon (iscsid)...
[[0;32m  OK  [0m] Reached target System Initialization.
[   30.595136] cloud-init[1068]: ci-info: | enp0s8 | True | fe80::a00:27ff:fea8:7003/64 |       .       |  link | 08:00:27:a8:70:03 |
[   30.644594] cloud-init[1068]: ci-info: | enp0s3 | True |          10.0.2.15          | 255.255.255.0 |   .   | 02:a5:4d:55:cc:47 |
[   30.669689] cloud-init[1068]: ci-info: | enp0s3 | True |  fe80::a5:4dff:fe55:cc47/64 |       .       |  link | 02:a5:4d:55:cc:47 |
[   30.684769] cloud-init[1068]: ci-info: |   lo   | True |          127.0.0.1          |   255.0.0.0   |   .   |         .         |
[[0;32m  OK  [0m] Started Timer to automatically refresh installed snaps.
[[0;32m  OK  [0m] Listening on D-Bus System Message Bus Socket.
[   30.703593]          cloud-initStarting Socket activation for snappy daemon.[1068]: 
ci-info: |   lo   | True |           ::1/128           |       .       |  host |         .         |
[   30.792329] [cloud-init[0;32m  OK  [0m[1068]: ] ci-info: +--------+------+-----------------------------+---------------+-------+-------------------+Started Trigger resolvconf update for networkd DNS.

[[0;32m  OK  [0m] Listening on ACPID Listen Socket.
[   30.792672] cloud-init[1068]: ci-info: ++++++++++++++++++++++++++++Route IPv4 info++++++++++++++++++++++++++++
[   30.864442] [cloud-init[0;32m  OK  [0m[1068]: ] ci-info: +-------+--------------+----------+---------------+-----------+-------+Started ACPI Events Check.

[[0;32m  OK  [0m] Reached target Paths.
[   30.864793] cloud-init[1068]: ci-info: | Route | Destination  | Gateway  |    Genmask    | Interface | Flags |
[   30.964590]          cloud-initStarting LXD - unix socket.[1068]: 
ci-info: +-------+--------------+----------+---------------+-----------+-------+
[   30.980956] [cloud-init[0;32m  OK  [0m[1068]: ] ci-info: |   0   |   0.0.0.0    | 10.0.2.2 |    0.0.0.0    |   enp0s3  |   UG  |Listening on UUID daemon activation socket.

[[0;32m  OK  [0m] Started Daily apt activities.
[[0;32m  OK  [0m] Started Daily Cleanup of Temporary Directories.
[   30.981280] cloud-init[1068]: ci-info: |   1   |   10.0.2.0   | 0.0.0.0  | 255.255.255.0 |   enp0s3  |   U   |
[   31.052471] [cloud-init[0;32m  OK  [0m[1068]: ] ci-info: |   2   | 172.28.128.0 | 0.0.0.0  | 255.255.255.0 |   enp0s8  |   U   |Reached target Timers.

[   31.053233] [cloud-init[0;32m  OK  [0m[1068]: ] ci-info: +-------+--------------+----------+---------------+-----------+-------+Reached target Cloud-config availability.

[[0;32m  OK  [0m] Listening on Socket activation for snappy daemon.
[[0;32m  OK  [0m] Listening on LXD - unix socket.
[[0;32m  OK  [0m] Started iSCSI initiator daemon (iscsid).
         Starting Login to default iSCSI targets...
[[0;32m  OK  [0m] Reached target Sockets.
[[0;32m  OK  [0m] Reached target Basic System.
         Starting /etc/rc.local Compatibility...
         Starting Login Service...
[[0;32m  OK  [0m] Started D-Bus System Message Bus.
         Starting MySQL Community Server...
[[0;32m  OK  [0m] Started Regular background program processing daemon.
         Starting A high performance web server and a reverse proxy server...
[[0;32m  OK  [0m] Started Deferred execution scheduler.
         Starting The PHP 7.0 FastCGI Process Manager...
         Starting LSB: Record successful boot for GRUB...
         Starting PostgreSQL Cluster 9.5-main...
         Starting OpenBSD Secure Shell server...
[[0;32m  OK  [0m] Started FUSE filesystem for LXC.
         Starting Accounts Service...
[[0;32m  OK  [0m] Started ACPI event daemon.
         Starting System Logging Service...
         Starting LSB: MD monitoring daemon...
         Starting LXD - container startup/shutdown...
         Starting Apply the settings specified in cloud-config...
[[0;32m  OK  [0m] Started PM2 process manager.
[[0;32m  OK  [0m] Started Snappy daemon.
         Starting Auto import assertions from block devices...
[[0;32m  OK  [0m] Started OpenBSD Secure Shell server.
[[0;32m  OK  [0m] Started System Logging Service.
[[0;32m  OK  [0m] Started /etc/rc.local Compatibility.
[[0;32m  OK  [0m] Started LXD - container startup/shutdown.
[[0;32m  OK  [0m] Started Auto import assertions from block devices.
[[0;32m  OK  [0m] Started A high performance web server and a reverse proxy server.
[[0;32m  OK  [0m] Started The PHP 7.0 FastCGI Process Manager.
[[0;32m  OK  [0m] Started Login to default iSCSI targets.
[[0;32m  OK  [0m] Started LSB: Record successful boot for GRUB.
[[0;32m  OK  [0m] Started LSB: MD monitoring daemon.
[[0;32m  OK  [0m] Started Login Service.
         Starting Authenticate and Authorize Users to Run Privileged Tasks...
[[0;32m  OK  [0m] Reached target Remote File Systems (Pre).
[[0;32m  OK  [0m] Reached target Remote File Systems.
[   32.303616] cloud-init[1193]: Cloud-init v. 0.7.9 running 'modules:config' at Tue, 07 Mar 2017 15:18:40 +0000. Up 32.23 seconds.
         Starting LSB: Set the CPU Frequency Scaling governor to "ondemand"...
         Starting LSB: Start/stop sysstat's sadc...
         Starting LSB: VirtualBox Linux Additions...
         Starting LSB: Apache2 web server...
         Starting LSB: daemon to balance interrupts for SMP systems...
         Starting LSB: automatic crash report generation...
         Starting Permit User Sessions...
[[0;32m  OK  [0m] Started Apply the settings specified in cloud-config.
[[0;32m  OK  [0m] Started Permit User Sessions.
[[0;32m  OK  [0m] Started Authenticate and Authorize Users to Run Privileged Tasks.
[[0;32m  OK  [0m] Started Accounts Service.
[[0;32m  OK  [0m] Started LSB: Set the CPU Frequency Scaling governor to "ondemand".
[[0;32m  OK  [0m] Started LSB: Start/stop sysstat's sadc.
[[0;32m  OK  [0m] Started LSB: VirtualBox Linux Additions.
[[0;32m  OK  [0m] Started LSB: daemon to balance interrupts for SMP systems.
[[0;32m  OK  [0m] Created slice User Slice of ubuntu.
[[0;32m  OK  [0m] Started Session 1 of user ubuntu.
         Starting User Manager for UID 1000...
         Starting Hold until boot process finishes up...
         Starting Terminate Plymouth Boot Screen...
[[0;32m  OK  [0m] Started User Manager for UID 1000.
[[0;32m  OK  [0m] Started LSB: automatic crash report generation.
[[0;32m  OK  [0m] Started Hold until boot process finishes up.
[[0;32m  OK  [0m] Started Terminate Plymouth Boot Screen.
[[0;32m  OK  [0m] Started Getty on tty1.
         Starting Set console scheme...
[[0;32m  OK  [0m] Started Serial Getty on ttyS0.
[[0;32m  OK  [0m] Reached target Login Prompts.
[[0;32m  OK  [0m] Started LSB: Apache2 web server.
[[0;32m  OK  [0m] Started Set console scheme.
[[0;32m  OK  [0m] Started MySQL Community Server.
[[0;32m  OK  [0m] Started PostgreSQL Cluster 9.5-main.
         Starting PostgreSQL RDBMS...
[[0;32m  OK  [0m] Started PostgreSQL RDBMS.
[[0;32m  OK  [0m] Reached target Multi-User System.
[[0;32m  OK  [0m] Reached target Graphical Interface.
         Starting Update UTMP about System Runlevel Changes...
         Starting Execute cloud user/final scripts...
[[0;32m  OK  [0m] Started Update UTMP about System Runlevel Changes.
[   34.433268] cloud-init[1654]: Cloud-init v. 0.7.9 running 'modules:final' at Tue, 07 Mar 2017 15:18:42 +0000. Up 34.35 seconds.
[   34.468584] cloud-init[1654]: Cloud-init v. 0.7.9 finished at Tue, 07 Mar 2017 15:18:42 +0000. Datasource DataSourceNoCloud [seed=/dev/sdb][dsmode=net].  Up 34.42 seconds
[[0;32m  OK  [0m] Started Execute cloud user/final scripts.
[[0;32m  OK  [0m] Reached target Cloud-init target.

Ubuntu 16.04.2 LTS ubuntu-xenial ttyS0

ubuntu-xenial login: [207725.476826] e1000 0000:00:03.0 enp0s3: Detected Tx Unit Hang
[207725.476826]   Tx Queue             <0>
[207725.476826]   TDH                  <f3>
[207725.476826]   TDT                  <f5>
[207725.476826]   next_to_use          <f5>
[207725.476826]   next_to_clean        <f3>
[207725.476826] buffer_info[next_to_clean]
[207725.476826]   time_stamp           <103173714>
[207725.476826]   next_to_watch        <f4>
[207725.476826]   jiffies              <103173867>
[207725.476826]   next_to_watch.status <0>
[207727.482691] e1000 0000:00:03.0 enp0s3: Detected Tx Unit Hang
[207727.482691]   Tx Queue             <0>
[207727.482691]   TDH                  <f3>
[207727.482691]   TDT                  <f5>
[207727.482691]   next_to_use          <f5>
[207727.482691]   next_to_clean        <f3>
[207727.482691] buffer_info[next_to_clean]
[207727.482691]   time_stamp           <103173714>
[207727.482691]   next_to_watch        <f4>
[207727.482691]   jiffies              <103173a5c>
[207727.482691]   next_to_watch.status <0>
[207729.486771] e1000 0000:00:03.0 enp0s3: Detected Tx Unit Hang
[207729.486771]   Tx Queue             <0>
[207729.486771]   TDH                  <f3>
[207729.486771]   TDT                  <f5>
[207729.486771]   next_to_use          <f5>
[207729.486771]   next_to_clean        <f3>
[207729.486771] buffer_info[next_to_clean]
[207729.486771]   time_stamp           <103173714>
[207729.486771]   next_to_watch        <f4>
[207729.486771]   jiffies              <103173c51>
[207729.486771]   next_to_watch.status <0>
[207729.641138] e1000 0000:00:03.0 enp0s3: Reset adapter
